C:\Users\Administrator\.jenkins\workspace\PRQA_KPU_1\dongduk\cwe78_os_command_injection\s07\CWE78_OS_Command_Injection__wchar_t_environment_popen_02.c
C:\Users\Administrator\.jenkins\workspace\PRQA_KPU_1\dongduk\cwe78_os_command_injection\s07\CWE78_OS_Command_Injection__wchar_t_environment_popen_09.c
C:\Users\Administrator\.jenkins\workspace\PRQA_KPU_1\dongduk\cwe78_os_command_injection\s07\CWE78_OS_Command_Injection__wchar_t_environment_popen_67a.c
C:\Users\Administrator\.jenkins\workspace\PRQA_KPU_1\dongduk\cwe78_os_command_injection\s07\CWE78_OS_Command_Injection__wchar_t_environment_popen_67b.c
C:\Users\Administrator\.jenkins\workspace\PRQA_KPU_1\dongduk\cwe78_os_command_injection\s07\CWE78_OS_Command_Injection__wchar_t_environment_system_01.c
C:\Users\Administrator\.jenkins\workspace\PRQA_KPU_1\dongduk\cwe78_os_command_injection\s07\CWE78_OS_Command_Injection__wchar_t_environment_system_10.c
C:\Users\Administrator\.jenkins\workspace\PRQA_KPU_1\dongduk\cwe78_os_command_injection\s07\CWE78_OS_Command_Injection__wchar_t_environment_system_68a.c
C:\Users\Administrator\.jenkins\workspace\PRQA_KPU_1\dongduk\cwe78_os_command_injection\s07\CWE78_OS_Command_Injection__wchar_t_environment_system_68b.c
C:\Users\Administrator\.jenkins\workspace\PRQA_KPU_1\dongduk\cwe78_os_command_injection\s07\CWE78_OS_Command_Injection__wchar_t_environment_w32spawnl_03.c
C:\Users\Administrator\.jenkins\workspace\PRQA_KPU_1\dongduk\cwe78_os_command_injection\s07\CWE78_OS_Command_Injection__wchar_t_environment_w32spawnl_13.c
C:\Users\Administrator\.jenkins\workspace\PRQA_KPU_1\dongduk\cwe78_os_command_injection\s07\CWE78_OS_Command_Injection__wchar_t_environment_w32spawnl_66a.c
C:\Users\Administrator\.jenkins\workspace\PRQA_KPU_1\dongduk\cwe78_os_command_injection\s07\CWE78_OS_Command_Injection__wchar_t_environment_w32spawnl_66b.c
C:\Users\Administrator\.jenkins\workspace\PRQA_KPU_1\dongduk\cwe78_os_command_injection\s07\CWE78_OS_Command_Injection__wchar_t_environment_w32_execvp_02.c
C:\Users\Administrator\.jenkins\workspace\PRQA_KPU_1\dongduk\cwe78_os_command_injection\s07\CWE78_OS_Command_Injection__wchar_t_environment_w32_execvp_12.c
C:\Users\Administrator\.jenkins\workspace\PRQA_KPU_1\dongduk\cwe78_os_command_injection\s07\CWE78_OS_Command_Injection__wchar_t_environment_w32_execvp_67a.c
C:\Users\Administrator\.jenkins\workspace\PRQA_KPU_1\dongduk\cwe78_os_command_injection\s07\CWE78_OS_Command_Injection__wchar_t_environment_w32_execvp_67b.c
C:\Users\Administrator\.jenkins\workspace\PRQA_KPU_1\dongduk\cwe78_os_command_injection\s07\CWE78_OS_Command_Injection__wchar_t_environment_w32_execv_01.c
C:\Users\Administrator\.jenkins\workspace\PRQA_KPU_1\dongduk\cwe78_os_command_injection\s07\CWE78_OS_Command_Injection__wchar_t_environment_w32_execv_11.c
C:\Users\Administrator\.jenkins\workspace\PRQA_KPU_1\dongduk\cwe78_os_command_injection\s07\CWE78_OS_Command_Injection__wchar_t_environment_w32_execv_68a.c
C:\Users\Administrator\.jenkins\workspace\PRQA_KPU_1\dongduk\cwe78_os_command_injection\s07\CWE78_OS_Command_Injection__wchar_t_environment_w32_execv_68b.c
C:\Users\Administrator\.jenkins\workspace\PRQA_KPU_1\dongduk\cwe78_os_command_injection\s07\CWE78_OS_Command_Injection__wchar_t_environment_w32_spawnlp_04.c
C:\Users\Administrator\.jenkins\workspace\PRQA_KPU_1\dongduk\cwe78_os_command_injection\s07\CWE78_OS_Command_Injection__wchar_t_environment_w32_spawnlp_14.c
C:\Users\Administrator\.jenkins\workspace\PRQA_KPU_1\dongduk\cwe78_os_command_injection\s07\CWE78_OS_Command_Injection__wchar_t_environment_w32_spawnlp_65a.c
C:\Users\Administrator\.jenkins\workspace\PRQA_KPU_1\dongduk\cwe78_os_command_injection\s07\CWE78_OS_Command_Injection__wchar_t_environment_w32_spawnlp_65b.c
C:\Users\Administrator\.jenkins\workspace\PRQA_KPU_1\dongduk\cwe78_os_command_injection\s07\CWE78_OS_Command_Injection__wchar_t_environment_w32_spawnvp_06.c
C:\Users\Administrator\.jenkins\workspace\PRQA_KPU_1\dongduk\cwe78_os_command_injection\s07\CWE78_OS_Command_Injection__wchar_t_environment_w32_spawnvp_63a.c
C:\Users\Administrator\.jenkins\workspace\PRQA_KPU_1\dongduk\cwe78_os_command_injection\s07\CWE78_OS_Command_Injection__wchar_t_environment_w32_spawnvp_63b.c
C:\Users\Administrator\.jenkins\workspace\PRQA_KPU_1\dongduk\cwe78_os_command_injection\s07\CWE78_OS_Command_Injection__wchar_t_environment_w32_spawnv_05.c
C:\Users\Administrator\.jenkins\workspace\PRQA_KPU_1\dongduk\cwe78_os_command_injection\s07\CWE78_OS_Command_Injection__wchar_t_environment_w32_spawnv_64a.c
C:\Users\Administrator\.jenkins\workspace\PRQA_KPU_1\dongduk\cwe78_os_command_injection\s07\CWE78_OS_Command_Injection__wchar_t_environment_w32_spawnv_64b.c
C:\Users\Administrator\.jenkins\workspace\PRQA_KPU_1\dongduk\cwe78_os_command_injection\s07\CWE78_OS_Command_Injection__wchar_t_file_execlp_08.c
C:\Users\Administrator\.jenkins\workspace\PRQA_KPU_1\dongduk\cwe78_os_command_injection\s07\CWE78_OS_Command_Injection__wchar_t_file_execlp_54a.c
C:\Users\Administrator\.jenkins\workspace\PRQA_KPU_1\dongduk\cwe78_os_command_injection\s07\CWE78_OS_Command_Injection__wchar_t_file_execlp_54b.c
C:\Users\Administrator\.jenkins\workspace\PRQA_KPU_1\dongduk\cwe78_os_command_injection\s07\CWE78_OS_Command_Injection__wchar_t_file_execlp_54c.c
C:\Users\Administrator\.jenkins\workspace\PRQA_KPU_1\dongduk\cwe78_os_command_injection\s07\CWE78_OS_Command_Injection__wchar_t_file_execlp_54d.c
C:\Users\Administrator\.jenkins\workspace\PRQA_KPU_1\dongduk\cwe78_os_command_injection\s07\CWE78_OS_Command_Injection__wchar_t_file_execlp_54e.c
C:\Users\Administrator\.jenkins\workspace\PRQA_KPU_1\dongduk\cwe78_os_command_injection\s07\CWE78_OS_Command_Injection__wchar_t_file_execl_07.c
C:\Users\Administrator\.jenkins\workspace\PRQA_KPU_1\dongduk\cwe78_os_command_injection\s07\CWE78_OS_Command_Injection__wchar_t_file_execl_61a.c
C:\Users\Administrator\.jenkins\workspace\PRQA_KPU_1\dongduk\cwe78_os_command_injection\s07\CWE78_OS_Command_Injection__wchar_t_file_execl_61b.c
C:\Users\Administrator\.jenkins\workspace\PRQA_KPU_1\dongduk\cwe78_os_command_injection\s07\CWE78_OS_Command_Injection__wchar_t_file_popen_09.c
C:\Users\Administrator\.jenkins\workspace\PRQA_KPU_1\dongduk\cwe78_os_command_injection\s07\CWE78_OS_Command_Injection__wchar_t_file_popen_53a.c
C:\Users\Administrator\.jenkins\workspace\PRQA_KPU_1\dongduk\cwe78_os_command_injection\s07\CWE78_OS_Command_Injection__wchar_t_file_popen_53b.c
C:\Users\Administrator\.jenkins\workspace\PRQA_KPU_1\dongduk\cwe78_os_command_injection\s07\CWE78_OS_Command_Injection__wchar_t_file_popen_53c.c
C:\Users\Administrator\.jenkins\workspace\PRQA_KPU_1\dongduk\cwe78_os_command_injection\s07\CWE78_OS_Command_Injection__wchar_t_file_popen_53d.c
C:\Users\Administrator\.jenkins\workspace\PRQA_KPU_1\dongduk\cwe78_os_command_injection\s07\CWE78_OS_Command_Injection__wchar_t_file_system_10.c
C:\Users\Administrator\.jenkins\workspace\PRQA_KPU_1\dongduk\cwe78_os_command_injection\s07\CWE78_OS_Command_Injection__wchar_t_file_system_52a.c
C:\Users\Administrator\.jenkins\workspace\PRQA_KPU_1\dongduk\cwe78_os_command_injection\s07\CWE78_OS_Command_Injection__wchar_t_file_system_52b.c
C:\Users\Administrator\.jenkins\workspace\PRQA_KPU_1\dongduk\cwe78_os_command_injection\s07\CWE78_OS_Command_Injection__wchar_t_file_system_52c.c
C:\Users\Administrator\.jenkins\workspace\PRQA_KPU_1\dongduk\cwe78_os_command_injection\s07\io.c
C:\Users\Administrator\.jenkins\workspace\PRQA_KPU_1\dongduk\cwe78_os_command_injection\s07\std_thread.c
C:\Users\Administrator\.jenkins\workspace\PRQA_KPU_1\dongduk\cwe78_os_command_injection\s08\CWE78_OS_Command_Injection__wchar_t_file_w32spawnl_05.c
C:\Users\Administrator\.jenkins\workspace\PRQA_KPU_1\dongduk\cwe78_os_command_injection\s08\CWE78_OS_Command_Injection__wchar_t_file_w32spawnl_13.c
C:\Users\Administrator\.jenkins\workspace\PRQA_KPU_1\dongduk\cwe78_os_command_injection\s08\CWE78_OS_Command_Injection__wchar_t_file_w32spawnl_44.c
C:\Users\Administrator\.jenkins\workspace\PRQA_KPU_1\dongduk\cwe78_os_command_injection\s08\CWE78_OS_Command_Injection__wchar_t_file_w32_execvp_04.c
C:\Users\Administrator\.jenkins\workspace\PRQA_KPU_1\dongduk\cwe78_os_command_injection\s08\CWE78_OS_Command_Injection__wchar_t_file_w32_execvp_12.c
C:\Users\Administrator\.jenkins\workspace\PRQA_KPU_1\dongduk\cwe78_os_command_injection\s08\CWE78_OS_Command_Injection__wchar_t_file_w32_execvp_45.c
C:\Users\Administrator\.jenkins\workspace\PRQA_KPU_1\dongduk\cwe78_os_command_injection\s08\CWE78_OS_Command_Injection__wchar_t_file_w32_execv_03.c
C:\Users\Administrator\.jenkins\workspace\PRQA_KPU_1\dongduk\cwe78_os_command_injection\s08\CWE78_OS_Command_Injection__wchar_t_file_w32_execv_11.c
C:\Users\Administrator\.jenkins\workspace\PRQA_KPU_1\dongduk\cwe78_os_command_injection\s08\CWE78_OS_Command_Injection__wchar_t_file_w32_execv_51a.c
C:\Users\Administrator\.jenkins\workspace\PRQA_KPU_1\dongduk\cwe78_os_command_injection\s08\CWE78_OS_Command_Injection__wchar_t_file_w32_execv_51b.c
C:\Users\Administrator\.jenkins\workspace\PRQA_KPU_1\dongduk\cwe78_os_command_injection\s08\CWE78_OS_Command_Injection__wchar_t_file_w32_spawnlp_06.c
C:\Users\Administrator\.jenkins\workspace\PRQA_KPU_1\dongduk\cwe78_os_command_injection\s08\CWE78_OS_Command_Injection__wchar_t_file_w32_spawnlp_14.c
C:\Users\Administrator\.jenkins\workspace\PRQA_KPU_1\dongduk\cwe78_os_command_injection\s08\CWE78_OS_Command_Injection__wchar_t_file_w32_spawnlp_42.c
C:\Users\Administrator\.jenkins\workspace\PRQA_KPU_1\dongduk\cwe78_os_command_injection\s08\CWE78_OS_Command_Injection__wchar_t_file_w32_spawnvp_08.c
C:\Users\Administrator\.jenkins\workspace\PRQA_KPU_1\dongduk\cwe78_os_command_injection\s08\CWE78_OS_Command_Injection__wchar_t_file_w32_spawnvp_16.c
C:\Users\Administrator\.jenkins\workspace\PRQA_KPU_1\dongduk\cwe78_os_command_injection\s08\CWE78_OS_Command_Injection__wchar_t_file_w32_spawnvp_34.c
C:\Users\Administrator\.jenkins\workspace\PRQA_KPU_1\dongduk\cwe78_os_command_injection\s08\CWE78_OS_Command_Injection__wchar_t_file_w32_spawnv_07.c
C:\Users\Administrator\.jenkins\workspace\PRQA_KPU_1\dongduk\cwe78_os_command_injection\s08\CWE78_OS_Command_Injection__wchar_t_file_w32_spawnv_15.c
C:\Users\Administrator\.jenkins\workspace\PRQA_KPU_1\dongduk\cwe78_os_command_injection\s08\CWE78_OS_Command_Injection__wchar_t_file_w32_spawnv_41.c
C:\Users\Administrator\.jenkins\workspace\PRQA_KPU_1\dongduk\cwe78_os_command_injection\s08\CWE78_OS_Command_Injection__wchar_t_listen_socket_execlp_18.c
C:\Users\Administrator\.jenkins\workspace\PRQA_KPU_1\dongduk\cwe78_os_command_injection\s08\CWE78_OS_Command_Injection__wchar_t_listen_socket_execlp_67a.c
C:\Users\Administrator\.jenkins\workspace\PRQA_KPU_1\dongduk\cwe78_os_command_injection\s08\CWE78_OS_Command_Injection__wchar_t_listen_socket_execlp_67b.c
C:\Users\Administrator\.jenkins\workspace\PRQA_KPU_1\dongduk\cwe78_os_command_injection\s08\CWE78_OS_Command_Injection__wchar_t_listen_socket_execl_17.c
C:\Users\Administrator\.jenkins\workspace\PRQA_KPU_1\dongduk\cwe78_os_command_injection\s08\CWE78_OS_Command_Injection__wchar_t_listen_socket_execl_68a.c
C:\Users\Administrator\.jenkins\workspace\PRQA_KPU_1\dongduk\cwe78_os_command_injection\s08\CWE78_OS_Command_Injection__wchar_t_listen_socket_execl_68b.c
C:\Users\Administrator\.jenkins\workspace\PRQA_KPU_1\dongduk\cwe78_os_command_injection\s08\CWE78_OS_Command_Injection__wchar_t_listen_socket_popen_21.c
C:\Users\Administrator\.jenkins\workspace\PRQA_KPU_1\dongduk\cwe78_os_command_injection\s08\CWE78_OS_Command_Injection__wchar_t_listen_socket_popen_66a.c
C:\Users\Administrator\.jenkins\workspace\PRQA_KPU_1\dongduk\cwe78_os_command_injection\s08\CWE78_OS_Command_Injection__wchar_t_listen_socket_popen_66b.c
C:\Users\Administrator\.jenkins\workspace\PRQA_KPU_1\dongduk\cwe78_os_command_injection\s08\CWE78_OS_Command_Injection__wchar_t_listen_socket_system_22a.c
C:\Users\Administrator\.jenkins\workspace\PRQA_KPU_1\dongduk\cwe78_os_command_injection\s08\CWE78_OS_Command_Injection__wchar_t_listen_socket_system_22b.c
C:\Users\Administrator\.jenkins\workspace\PRQA_KPU_1\dongduk\cwe78_os_command_injection\s08\CWE78_OS_Command_Injection__wchar_t_listen_socket_system_65a.c
C:\Users\Administrator\.jenkins\workspace\PRQA_KPU_1\dongduk\cwe78_os_command_injection\s08\CWE78_OS_Command_Injection__wchar_t_listen_socket_system_65b.c
C:\Users\Administrator\.jenkins\workspace\PRQA_KPU_1\dongduk\cwe78_os_command_injection\s08\CWE78_OS_Command_Injection__wchar_t_listen_socket_w32spawnl_32.c
C:\Users\Administrator\.jenkins\workspace\PRQA_KPU_1\dongduk\cwe78_os_command_injection\s08\CWE78_OS_Command_Injection__wchar_t_listen_socket_w32spawnl_63a.c
C:\Users\Administrator\.jenkins\workspace\PRQA_KPU_1\dongduk\cwe78_os_command_injection\s08\CWE78_OS_Command_Injection__wchar_t_listen_socket_w32spawnl_63b.c
C:\Users\Administrator\.jenkins\workspace\PRQA_KPU_1\dongduk\cwe78_os_command_injection\s08\CWE78_OS_Command_Injection__wchar_t_listen_socket_w32_execvp_31.c
C:\Users\Administrator\.jenkins\workspace\PRQA_KPU_1\dongduk\cwe78_os_command_injection\s08\CWE78_OS_Command_Injection__wchar_t_listen_socket_w32_execvp_64a.c
C:\Users\Administrator\.jenkins\workspace\PRQA_KPU_1\dongduk\cwe78_os_command_injection\s08\CWE78_OS_Command_Injection__wchar_t_listen_socket_w32_execvp_64b.c
C:\Users\Administrator\.jenkins\workspace\PRQA_KPU_1\dongduk\cwe78_os_command_injection\s08\io.c
C:\Users\Administrator\.jenkins\workspace\PRQA_KPU_1\dongduk\cwe78_os_command_injection\s08\std_thread.c
C:\Users\Administrator\.jenkins\workspace\PRQA_KPU_1\dongduk\cwe78_os_command_injection\s09\CWE78_OS_Command_Injection__wchar_t_listen_socket_w32_execv_01.c
C:\Users\Administrator\.jenkins\workspace\PRQA_KPU_1\dongduk\cwe78_os_command_injection\s09\CWE78_OS_Command_Injection__wchar_t_listen_socket_w32_execv_03.c
C:\Users\Administrator\.jenkins\workspace\PRQA_KPU_1\dongduk\cwe78_os_command_injection\s09\CWE78_OS_Command_Injection__wchar_t_listen_socket_w32_execv_05.c
C:\Users\Administrator\.jenkins\workspace\PRQA_KPU_1\dongduk\cwe78_os_command_injection\s09\CWE78_OS_Command_Injection__wchar_t_listen_socket_w32_execv_13.c
C:\Users\Administrator\.jenkins\workspace\PRQA_KPU_1\dongduk\cwe78_os_command_injection\s09\CWE78_OS_Command_Injection__wchar_t_listen_socket_w32_execv_15.c
C:\Users\Administrator\.jenkins\workspace\PRQA_KPU_1\dongduk\cwe78_os_command_injection\s09\CWE78_OS_Command_Injection__wchar_t_listen_socket_w32_execv_17.c
C:\Users\Administrator\.jenkins\workspace\PRQA_KPU_1\dongduk\cwe78_os_command_injection\s09\CWE78_OS_Command_Injection__wchar_t_listen_socket_w32_execv_21.c
C:\Users\Administrator\.jenkins\workspace\PRQA_KPU_1\dongduk\cwe78_os_command_injection\s09\CWE78_OS_Command_Injection__wchar_t_listen_socket_w32_execv_32.c
C:\Users\Administrator\.jenkins\workspace\PRQA_KPU_1\dongduk\cwe78_os_command_injection\s09\CWE78_OS_Command_Injection__wchar_t_listen_socket_w32_spawnlp_02.c
C:\Users\Administrator\.jenkins\workspace\PRQA_KPU_1\dongduk\cwe78_os_command_injection\s09\CWE78_OS_Command_Injection__wchar_t_listen_socket_w32_spawnlp_04.c
C:\Users\Administrator\.jenkins\workspace\PRQA_KPU_1\dongduk\cwe78_os_command_injection\s09\CWE78_OS_Command_Injection__wchar_t_listen_socket_w32_spawnlp_06.c
C:\Users\Administrator\.jenkins\workspace\PRQA_KPU_1\dongduk\cwe78_os_command_injection\s09\CWE78_OS_Command_Injection__wchar_t_listen_socket_w32_spawnlp_10.c
C:\Users\Administrator\.jenkins\workspace\PRQA_KPU_1\dongduk\cwe78_os_command_injection\s09\CWE78_OS_Command_Injection__wchar_t_listen_socket_w32_spawnlp_12.c
C:\Users\Administrator\.jenkins\workspace\PRQA_KPU_1\dongduk\cwe78_os_command_injection\s09\CWE78_OS_Command_Injection__wchar_t_listen_socket_w32_spawnlp_14.c
C:\Users\Administrator\.jenkins\workspace\PRQA_KPU_1\dongduk\cwe78_os_command_injection\s09\CWE78_OS_Command_Injection__wchar_t_listen_socket_w32_spawnlp_16.c
C:\Users\Administrator\.jenkins\workspace\PRQA_KPU_1\dongduk\cwe78_os_command_injection\s09\CWE78_OS_Command_Injection__wchar_t_listen_socket_w32_spawnlp_31.c
C:\Users\Administrator\.jenkins\workspace\PRQA_KPU_1\dongduk\cwe78_os_command_injection\s09\CWE78_OS_Command_Injection__wchar_t_listen_socket_w32_spawnvp_04.c
C:\Users\Administrator\.jenkins\workspace\PRQA_KPU_1\dongduk\cwe78_os_command_injection\s09\CWE78_OS_Command_Injection__wchar_t_listen_socket_w32_spawnvp_08.c
C:\Users\Administrator\.jenkins\workspace\PRQA_KPU_1\dongduk\cwe78_os_command_injection\s09\CWE78_OS_Command_Injection__wchar_t_listen_socket_w32_spawnvp_11.c
C:\Users\Administrator\.jenkins\workspace\PRQA_KPU_1\dongduk\cwe78_os_command_injection\s09\CWE78_OS_Command_Injection__wchar_t_listen_socket_w32_spawnvp_13.c
C:\Users\Administrator\.jenkins\workspace\PRQA_KPU_1\dongduk\cwe78_os_command_injection\s09\CWE78_OS_Command_Injection__wchar_t_listen_socket_w32_spawnvp_15.c
C:\Users\Administrator\.jenkins\workspace\PRQA_KPU_1\dongduk\cwe78_os_command_injection\s09\CWE78_OS_Command_Injection__wchar_t_listen_socket_w32_spawnvp_21.c
C:\Users\Administrator\.jenkins\workspace\PRQA_KPU_1\dongduk\cwe78_os_command_injection\s09\CWE78_OS_Command_Injection__wchar_t_listen_socket_w32_spawnvp_32.c
C:\Users\Administrator\.jenkins\workspace\PRQA_KPU_1\dongduk\cwe78_os_command_injection\s09\CWE78_OS_Command_Injection__wchar_t_listen_socket_w32_spawnv_05.c
C:\Users\Administrator\.jenkins\workspace\PRQA_KPU_1\dongduk\cwe78_os_command_injection\s09\CWE78_OS_Command_Injection__wchar_t_listen_socket_w32_spawnv_07.c
C:\Users\Administrator\.jenkins\workspace\PRQA_KPU_1\dongduk\cwe78_os_command_injection\s09\CWE78_OS_Command_Injection__wchar_t_listen_socket_w32_spawnv_11.c
C:\Users\Administrator\.jenkins\workspace\PRQA_KPU_1\dongduk\cwe78_os_command_injection\s09\CWE78_OS_Command_Injection__wchar_t_listen_socket_w32_spawnv_15.c
C:\Users\Administrator\.jenkins\workspace\PRQA_KPU_1\dongduk\cwe78_os_command_injection\s09\CWE78_OS_Command_Injection__wchar_t_listen_socket_w32_spawnv_21.c
C:\Users\Administrator\.jenkins\workspace\PRQA_KPU_1\dongduk\cwe78_os_command_injection\s09\CWE78_OS_Command_Injection__wchar_t_listen_socket_w32_spawnv_31.c
C:\Users\Administrator\.jenkins\workspace\PRQA_KPU_1\dongduk\cwe78_os_command_injection\s09\CWE78_OS_Command_Injection__wchar_t_listen_socket_w32_spawnv_32.c
C:\Users\Administrator\.jenkins\workspace\PRQA_KPU_1\dongguk\cwe134_uncontrolled_format_string\s04\CWE134_Uncontrolled_Format_String__wchar_t_connect_socket_vfprintf_01.c
C:\Users\Administrator\.jenkins\workspace\PRQA_KPU_1\dongguk\cwe134_uncontrolled_format_string\s04\CWE134_Uncontrolled_Format_String__wchar_t_connect_socket_vfprintf_45.c
C:\Users\Administrator\.jenkins\workspace\PRQA_KPU_1\dongguk\cwe134_uncontrolled_format_string\s04\CWE134_Uncontrolled_Format_String__wchar_t_connect_socket_vprintf_01.c
C:\Users\Administrator\.jenkins\workspace\PRQA_KPU_1\dongguk\cwe134_uncontrolled_format_string\s04\CWE134_Uncontrolled_Format_String__wchar_t_connect_socket_vprintf_45.c
C:\Users\Administrator\.jenkins\workspace\PRQA_KPU_1\dongguk\cwe134_uncontrolled_format_string\s04\CWE134_Uncontrolled_Format_String__wchar_t_connect_socket_w32_vsnprintf_01.c
C:\Users\Administrator\.jenkins\workspace\PRQA_KPU_1\dongguk\cwe134_uncontrolled_format_string\s04\CWE134_Uncontrolled_Format_String__wchar_t_connect_socket_w32_vsnprintf_45.c
C:\Users\Administrator\.jenkins\workspace\PRQA_KPU_1\dongguk\cwe134_uncontrolled_format_string\s04\CWE134_Uncontrolled_Format_String__wchar_t_console_fprintf_01.c
C:\Users\Administrator\.jenkins\workspace\PRQA_KPU_1\dongguk\cwe134_uncontrolled_format_string\s04\CWE134_Uncontrolled_Format_String__wchar_t_console_fprintf_21.c
C:\Users\Administrator\.jenkins\workspace\PRQA_KPU_1\dongguk\cwe134_uncontrolled_format_string\s04\CWE134_Uncontrolled_Format_String__wchar_t_console_fprintf_45.c
C:\Users\Administrator\.jenkins\workspace\PRQA_KPU_1\dongguk\cwe134_uncontrolled_format_string\s04\CWE134_Uncontrolled_Format_String__wchar_t_console_printf_01.c
C:\Users\Administrator\.jenkins\workspace\PRQA_KPU_1\dongguk\cwe134_uncontrolled_format_string\s04\CWE134_Uncontrolled_Format_String__wchar_t_console_printf_21.c
C:\Users\Administrator\.jenkins\workspace\PRQA_KPU_1\dongguk\cwe134_uncontrolled_format_string\s04\CWE134_Uncontrolled_Format_String__wchar_t_console_printf_45.c
C:\Users\Administrator\.jenkins\workspace\PRQA_KPU_1\dongguk\cwe134_uncontrolled_format_string\s04\CWE134_Uncontrolled_Format_String__wchar_t_console_snprintf_01.c
C:\Users\Administrator\.jenkins\workspace\PRQA_KPU_1\dongguk\cwe134_uncontrolled_format_string\s04\CWE134_Uncontrolled_Format_String__wchar_t_console_snprintf_21.c
C:\Users\Administrator\.jenkins\workspace\PRQA_KPU_1\dongguk\cwe134_uncontrolled_format_string\s04\CWE134_Uncontrolled_Format_String__wchar_t_console_snprintf_45.c
C:\Users\Administrator\.jenkins\workspace\PRQA_KPU_1\dongguk\cwe134_uncontrolled_format_string\s04\CWE134_Uncontrolled_Format_String__wchar_t_console_vfprintf_01.c
C:\Users\Administrator\.jenkins\workspace\PRQA_KPU_1\dongguk\cwe134_uncontrolled_format_string\s04\CWE134_Uncontrolled_Format_String__wchar_t_console_vfprintf_21.c
C:\Users\Administrator\.jenkins\workspace\PRQA_KPU_1\dongguk\cwe134_uncontrolled_format_string\s04\CWE134_Uncontrolled_Format_String__wchar_t_console_vfprintf_45.c
C:\Users\Administrator\.jenkins\workspace\PRQA_KPU_1\dongguk\cwe134_uncontrolled_format_string\s04\CWE134_Uncontrolled_Format_String__wchar_t_console_vprintf_01.c
C:\Users\Administrator\.jenkins\workspace\PRQA_KPU_1\dongguk\cwe134_uncontrolled_format_string\s04\CWE134_Uncontrolled_Format_String__wchar_t_console_vprintf_21.c
C:\Users\Administrator\.jenkins\workspace\PRQA_KPU_1\dongguk\cwe134_uncontrolled_format_string\s04\CWE134_Uncontrolled_Format_String__wchar_t_console_vprintf_45.c
C:\Users\Administrator\.jenkins\workspace\PRQA_KPU_1\dongguk\cwe134_uncontrolled_format_string\s04\CWE134_Uncontrolled_Format_String__wchar_t_console_w32_vsnprintf_01.c
C:\Users\Administrator\.jenkins\workspace\PRQA_KPU_1\dongguk\cwe134_uncontrolled_format_string\s04\CWE134_Uncontrolled_Format_String__wchar_t_console_w32_vsnprintf_21.c
C:\Users\Administrator\.jenkins\workspace\PRQA_KPU_1\dongguk\cwe134_uncontrolled_format_string\s04\CWE134_Uncontrolled_Format_String__wchar_t_console_w32_vsnprintf_45.c
C:\Users\Administrator\.jenkins\workspace\PRQA_KPU_1\dongguk\cwe134_uncontrolled_format_string\s04\CWE134_Uncontrolled_Format_String__wchar_t_environment_fprintf_01.c
C:\Users\Administrator\.jenkins\workspace\PRQA_KPU_1\dongguk\cwe134_uncontrolled_format_string\s04\CWE134_Uncontrolled_Format_String__wchar_t_environment_fprintf_21.c
C:\Users\Administrator\.jenkins\workspace\PRQA_KPU_1\dongguk\cwe134_uncontrolled_format_string\s04\CWE134_Uncontrolled_Format_String__wchar_t_environment_fprintf_45.c
C:\Users\Administrator\.jenkins\workspace\PRQA_KPU_1\dongguk\cwe134_uncontrolled_format_string\s04\CWE134_Uncontrolled_Format_String__wchar_t_environment_printf_01.c
C:\Users\Administrator\.jenkins\workspace\PRQA_KPU_1\dongguk\cwe134_uncontrolled_format_string\s04\CWE134_Uncontrolled_Format_String__wchar_t_environment_printf_21.c
C:\Users\Administrator\.jenkins\workspace\PRQA_KPU_1\dongguk\cwe134_uncontrolled_format_string\s04\CWE134_Uncontrolled_Format_String__wchar_t_environment_printf_45.c
C:\Users\Administrator\.jenkins\workspace\PRQA_KPU_1\dongguk\cwe134_uncontrolled_format_string\s05\CWE134_Uncontrolled_Format_String__wchar_t_environment_snprintf_01.c
C:\Users\Administrator\.jenkins\workspace\PRQA_KPU_1\dongguk\cwe134_uncontrolled_format_string\s05\CWE134_Uncontrolled_Format_String__wchar_t_environment_snprintf_45.c
C:\Users\Administrator\.jenkins\workspace\PRQA_KPU_1\dongguk\cwe134_uncontrolled_format_string\s05\CWE134_Uncontrolled_Format_String__wchar_t_environment_vfprintf_01.c
C:\Users\Administrator\.jenkins\workspace\PRQA_KPU_1\dongguk\cwe134_uncontrolled_format_string\s05\CWE134_Uncontrolled_Format_String__wchar_t_environment_vfprintf_45.c
C:\Users\Administrator\.jenkins\workspace\PRQA_KPU_1\dongguk\cwe134_uncontrolled_format_string\s05\CWE134_Uncontrolled_Format_String__wchar_t_environment_vprintf_01.c
C:\Users\Administrator\.jenkins\workspace\PRQA_KPU_1\dongguk\cwe134_uncontrolled_format_string\s05\CWE134_Uncontrolled_Format_String__wchar_t_environment_vprintf_45.c
C:\Users\Administrator\.jenkins\workspace\PRQA_KPU_1\dongguk\cwe134_uncontrolled_format_string\s05\CWE134_Uncontrolled_Format_String__wchar_t_environment_w32_vsnprintf_01.c
C:\Users\Administrator\.jenkins\workspace\PRQA_KPU_1\dongguk\cwe134_uncontrolled_format_string\s05\CWE134_Uncontrolled_Format_String__wchar_t_environment_w32_vsnprintf_21.c
C:\Users\Administrator\.jenkins\workspace\PRQA_KPU_1\dongguk\cwe134_uncontrolled_format_string\s05\CWE134_Uncontrolled_Format_String__wchar_t_environment_w32_vsnprintf_45.c
C:\Users\Administrator\.jenkins\workspace\PRQA_KPU_1\dongguk\cwe134_uncontrolled_format_string\s05\CWE134_Uncontrolled_Format_String__wchar_t_file_fprintf_01.c
C:\Users\Administrator\.jenkins\workspace\PRQA_KPU_1\dongguk\cwe134_uncontrolled_format_string\s05\CWE134_Uncontrolled_Format_String__wchar_t_file_fprintf_21.c
C:\Users\Administrator\.jenkins\workspace\PRQA_KPU_1\dongguk\cwe134_uncontrolled_format_string\s05\CWE134_Uncontrolled_Format_String__wchar_t_file_fprintf_45.c
C:\Users\Administrator\.jenkins\workspace\PRQA_KPU_1\dongguk\cwe134_uncontrolled_format_string\s05\CWE134_Uncontrolled_Format_String__wchar_t_file_printf_01.c
C:\Users\Administrator\.jenkins\workspace\PRQA_KPU_1\dongguk\cwe134_uncontrolled_format_string\s05\CWE134_Uncontrolled_Format_String__wchar_t_file_printf_21.c
C:\Users\Administrator\.jenkins\workspace\PRQA_KPU_1\dongguk\cwe134_uncontrolled_format_string\s05\CWE134_Uncontrolled_Format_String__wchar_t_file_printf_45.c
C:\Users\Administrator\.jenkins\workspace\PRQA_KPU_1\dongguk\cwe134_uncontrolled_format_string\s05\CWE134_Uncontrolled_Format_String__wchar_t_file_snprintf_01.c
C:\Users\Administrator\.jenkins\workspace\PRQA_KPU_1\dongguk\cwe134_uncontrolled_format_string\s05\CWE134_Uncontrolled_Format_String__wchar_t_file_snprintf_21.c
C:\Users\Administrator\.jenkins\workspace\PRQA_KPU_1\dongguk\cwe134_uncontrolled_format_string\s05\CWE134_Uncontrolled_Format_String__wchar_t_file_snprintf_45.c
C:\Users\Administrator\.jenkins\workspace\PRQA_KPU_1\dongguk\cwe134_uncontrolled_format_string\s05\CWE134_Uncontrolled_Format_String__wchar_t_file_vfprintf_01.c
C:\Users\Administrator\.jenkins\workspace\PRQA_KPU_1\dongguk\cwe134_uncontrolled_format_string\s05\CWE134_Uncontrolled_Format_String__wchar_t_file_vfprintf_21.c
C:\Users\Administrator\.jenkins\workspace\PRQA_KPU_1\dongguk\cwe134_uncontrolled_format_string\s05\CWE134_Uncontrolled_Format_String__wchar_t_file_vfprintf_45.c
C:\Users\Administrator\.jenkins\workspace\PRQA_KPU_1\dongguk\cwe134_uncontrolled_format_string\s05\CWE134_Uncontrolled_Format_String__wchar_t_file_vprintf_01.c
C:\Users\Administrator\.jenkins\workspace\PRQA_KPU_1\dongguk\cwe134_uncontrolled_format_string\s05\CWE134_Uncontrolled_Format_String__wchar_t_file_vprintf_21.c
C:\Users\Administrator\.jenkins\workspace\PRQA_KPU_1\dongguk\cwe134_uncontrolled_format_string\s05\CWE134_Uncontrolled_Format_String__wchar_t_file_vprintf_45.c
C:\Users\Administrator\.jenkins\workspace\PRQA_KPU_1\dongguk\cwe134_uncontrolled_format_string\s05\CWE134_Uncontrolled_Format_String__wchar_t_file_w32_vsnprintf_01.c
C:\Users\Administrator\.jenkins\workspace\PRQA_KPU_1\dongguk\cwe134_uncontrolled_format_string\s05\CWE134_Uncontrolled_Format_String__wchar_t_file_w32_vsnprintf_21.c
C:\Users\Administrator\.jenkins\workspace\PRQA_KPU_1\dongguk\cwe134_uncontrolled_format_string\s05\CWE134_Uncontrolled_Format_String__wchar_t_file_w32_vsnprintf_45.c
C:\Users\Administrator\.jenkins\workspace\PRQA_KPU_1\dongguk\cwe134_uncontrolled_format_string\s05\CWE134_Uncontrolled_Format_String__wchar_t_listen_socket_fprintf_01.c
C:\Users\Administrator\.jenkins\workspace\PRQA_KPU_1\dongguk\cwe134_uncontrolled_format_string\s05\CWE134_Uncontrolled_Format_String__wchar_t_listen_socket_fprintf_21.c
C:\Users\Administrator\.jenkins\workspace\PRQA_KPU_1\dongguk\cwe134_uncontrolled_format_string\s05\CWE134_Uncontrolled_Format_String__wchar_t_listen_socket_fprintf_45.c
C:\Users\Administrator\.jenkins\workspace\PRQA_KPU_1\dongguk\cwe134_uncontrolled_format_string\s06\CWE134_Uncontrolled_Format_String__wchar_t_listen_socket_printf_01.c
C:\Users\Administrator\.jenkins\workspace\PRQA_KPU_1\dongguk\cwe134_uncontrolled_format_string\s06\CWE134_Uncontrolled_Format_String__wchar_t_listen_socket_printf_10.c
C:\Users\Administrator\.jenkins\workspace\PRQA_KPU_1\dongguk\cwe134_uncontrolled_format_string\s06\CWE134_Uncontrolled_Format_String__wchar_t_listen_socket_printf_11.c
C:\Users\Administrator\.jenkins\workspace\PRQA_KPU_1\dongguk\cwe134_uncontrolled_format_string\s06\CWE134_Uncontrolled_Format_String__wchar_t_listen_socket_printf_21.c
C:\Users\Administrator\.jenkins\workspace\PRQA_KPU_1\dongguk\cwe134_uncontrolled_format_string\s06\CWE134_Uncontrolled_Format_String__wchar_t_listen_socket_printf_31.c
C:\Users\Administrator\.jenkins\workspace\PRQA_KPU_1\dongguk\cwe134_uncontrolled_format_string\s06\CWE134_Uncontrolled_Format_String__wchar_t_listen_socket_printf_45.c
C:\Users\Administrator\.jenkins\workspace\PRQA_KPU_1\dongguk\cwe134_uncontrolled_format_string\s06\CWE134_Uncontrolled_Format_String__wchar_t_listen_socket_snprintf_01.c
C:\Users\Administrator\.jenkins\workspace\PRQA_KPU_1\dongguk\cwe134_uncontrolled_format_string\s06\CWE134_Uncontrolled_Format_String__wchar_t_listen_socket_snprintf_10.c
C:\Users\Administrator\.jenkins\workspace\PRQA_KPU_1\dongguk\cwe134_uncontrolled_format_string\s06\CWE134_Uncontrolled_Format_String__wchar_t_listen_socket_snprintf_11.c
C:\Users\Administrator\.jenkins\workspace\PRQA_KPU_1\dongguk\cwe134_uncontrolled_format_string\s06\CWE134_Uncontrolled_Format_String__wchar_t_listen_socket_snprintf_21.c
C:\Users\Administrator\.jenkins\workspace\PRQA_KPU_1\dongguk\cwe134_uncontrolled_format_string\s06\CWE134_Uncontrolled_Format_String__wchar_t_listen_socket_snprintf_31.c
C:\Users\Administrator\.jenkins\workspace\PRQA_KPU_1\dongguk\cwe134_uncontrolled_format_string\s06\CWE134_Uncontrolled_Format_String__wchar_t_listen_socket_snprintf_45.c
C:\Users\Administrator\.jenkins\workspace\PRQA_KPU_1\dongguk\cwe134_uncontrolled_format_string\s06\CWE134_Uncontrolled_Format_String__wchar_t_listen_socket_vfprintf_01.c
C:\Users\Administrator\.jenkins\workspace\PRQA_KPU_1\dongguk\cwe134_uncontrolled_format_string\s06\CWE134_Uncontrolled_Format_String__wchar_t_listen_socket_vfprintf_10.c
C:\Users\Administrator\.jenkins\workspace\PRQA_KPU_1\dongguk\cwe134_uncontrolled_format_string\s06\CWE134_Uncontrolled_Format_String__wchar_t_listen_socket_vfprintf_11.c
C:\Users\Administrator\.jenkins\workspace\PRQA_KPU_1\dongguk\cwe134_uncontrolled_format_string\s06\CWE134_Uncontrolled_Format_String__wchar_t_listen_socket_vfprintf_21.c
C:\Users\Administrator\.jenkins\workspace\PRQA_KPU_1\dongguk\cwe134_uncontrolled_format_string\s06\CWE134_Uncontrolled_Format_String__wchar_t_listen_socket_vfprintf_31.c
C:\Users\Administrator\.jenkins\workspace\PRQA_KPU_1\dongguk\cwe134_uncontrolled_format_string\s06\CWE134_Uncontrolled_Format_String__wchar_t_listen_socket_vfprintf_45.c
C:\Users\Administrator\.jenkins\workspace\PRQA_KPU_1\dongguk\cwe134_uncontrolled_format_string\s06\CWE134_Uncontrolled_Format_String__wchar_t_listen_socket_vprintf_01.c
C:\Users\Administrator\.jenkins\workspace\PRQA_KPU_1\dongguk\cwe134_uncontrolled_format_string\s06\CWE134_Uncontrolled_Format_String__wchar_t_listen_socket_vprintf_10.c
C:\Users\Administrator\.jenkins\workspace\PRQA_KPU_1\dongguk\cwe134_uncontrolled_format_string\s06\CWE134_Uncontrolled_Format_String__wchar_t_listen_socket_vprintf_11.c
C:\Users\Administrator\.jenkins\workspace\PRQA_KPU_1\dongguk\cwe134_uncontrolled_format_string\s06\CWE134_Uncontrolled_Format_String__wchar_t_listen_socket_vprintf_21.c
C:\Users\Administrator\.jenkins\workspace\PRQA_KPU_1\dongguk\cwe134_uncontrolled_format_string\s06\CWE134_Uncontrolled_Format_String__wchar_t_listen_socket_vprintf_31.c
C:\Users\Administrator\.jenkins\workspace\PRQA_KPU_1\dongguk\cwe134_uncontrolled_format_string\s06\CWE134_Uncontrolled_Format_String__wchar_t_listen_socket_vprintf_45.c
C:\Users\Administrator\.jenkins\workspace\PRQA_KPU_1\dongguk\cwe134_uncontrolled_format_string\s06\CWE134_Uncontrolled_Format_String__wchar_t_listen_socket_w32_vsnprintf_01.c
C:\Users\Administrator\.jenkins\workspace\PRQA_KPU_1\dongguk\cwe134_uncontrolled_format_string\s06\CWE134_Uncontrolled_Format_String__wchar_t_listen_socket_w32_vsnprintf_10.c
C:\Users\Administrator\.jenkins\workspace\PRQA_KPU_1\dongguk\cwe134_uncontrolled_format_string\s06\CWE134_Uncontrolled_Format_String__wchar_t_listen_socket_w32_vsnprintf_11.c
C:\Users\Administrator\.jenkins\workspace\PRQA_KPU_1\dongguk\cwe134_uncontrolled_format_string\s06\CWE134_Uncontrolled_Format_String__wchar_t_listen_socket_w32_vsnprintf_21.c
C:\Users\Administrator\.jenkins\workspace\PRQA_KPU_1\dongguk\cwe134_uncontrolled_format_string\s06\CWE134_Uncontrolled_Format_String__wchar_t_listen_socket_w32_vsnprintf_31.c
C:\Users\Administrator\.jenkins\workspace\PRQA_KPU_1\dongguk\cwe134_uncontrolled_format_string\s06\CWE134_Uncontrolled_Format_String__wchar_t_listen_socket_w32_vsnprintf_45.c
C:\Users\Administrator\.jenkins\workspace\PRQA_KPU_1\hongik\cwe134_uncontrolled_format_string\s01\CWE134_Uncontrolled_Format_String__char_connect_socket_fprintf_01.c
C:\Users\Administrator\.jenkins\workspace\PRQA_KPU_1\hongik\cwe134_uncontrolled_format_string\s01\CWE134_Uncontrolled_Format_String__char_connect_socket_fprintf_10.c
C:\Users\Administrator\.jenkins\workspace\PRQA_KPU_1\hongik\cwe134_uncontrolled_format_string\s01\CWE134_Uncontrolled_Format_String__char_connect_socket_fprintf_45.c
C:\Users\Administrator\.jenkins\workspace\PRQA_KPU_1\hongik\cwe134_uncontrolled_format_string\s01\CWE134_Uncontrolled_Format_String__char_connect_socket_printf_02.c
C:\Users\Administrator\.jenkins\workspace\PRQA_KPU_1\hongik\cwe134_uncontrolled_format_string\s01\CWE134_Uncontrolled_Format_String__char_connect_socket_printf_16.c
C:\Users\Administrator\.jenkins\workspace\PRQA_KPU_1\hongik\cwe134_uncontrolled_format_string\s01\CWE134_Uncontrolled_Format_String__char_connect_socket_printf_44.c
C:\Users\Administrator\.jenkins\workspace\PRQA_KPU_1\hongik\cwe134_uncontrolled_format_string\s01\CWE134_Uncontrolled_Format_String__char_connect_socket_snprintf_03.c
C:\Users\Administrator\.jenkins\workspace\PRQA_KPU_1\hongik\cwe134_uncontrolled_format_string\s01\CWE134_Uncontrolled_Format_String__char_connect_socket_snprintf_21.c
C:\Users\Administrator\.jenkins\workspace\PRQA_KPU_1\hongik\cwe134_uncontrolled_format_string\s01\CWE134_Uncontrolled_Format_String__char_connect_socket_snprintf_42.c
C:\Users\Administrator\.jenkins\workspace\PRQA_KPU_1\hongik\cwe134_uncontrolled_format_string\s01\CWE134_Uncontrolled_Format_String__char_connect_socket_vfprintf_04.c
C:\Users\Administrator\.jenkins\workspace\PRQA_KPU_1\hongik\cwe134_uncontrolled_format_string\s01\CWE134_Uncontrolled_Format_String__char_connect_socket_vfprintf_17.c
C:\Users\Administrator\.jenkins\workspace\PRQA_KPU_1\hongik\cwe134_uncontrolled_format_string\s01\CWE134_Uncontrolled_Format_String__char_connect_socket_vfprintf_41.c
C:\Users\Administrator\.jenkins\workspace\PRQA_KPU_1\hongik\cwe134_uncontrolled_format_string\s01\CWE134_Uncontrolled_Format_String__char_connect_socket_vprintf_05.c
C:\Users\Administrator\.jenkins\workspace\PRQA_KPU_1\hongik\cwe134_uncontrolled_format_string\s01\CWE134_Uncontrolled_Format_String__char_connect_socket_vprintf_11.c
C:\Users\Administrator\.jenkins\workspace\PRQA_KPU_1\hongik\cwe134_uncontrolled_format_string\s01\CWE134_Uncontrolled_Format_String__char_connect_socket_vprintf_34.c
C:\Users\Administrator\.jenkins\workspace\PRQA_KPU_1\hongik\cwe134_uncontrolled_format_string\s01\CWE134_Uncontrolled_Format_String__char_connect_socket_w32_vsnprintf_06.c
C:\Users\Administrator\.jenkins\workspace\PRQA_KPU_1\hongik\cwe134_uncontrolled_format_string\s01\CWE134_Uncontrolled_Format_String__char_connect_socket_w32_vsnprintf_15.c
C:\Users\Administrator\.jenkins\workspace\PRQA_KPU_1\hongik\cwe134_uncontrolled_format_string\s01\CWE134_Uncontrolled_Format_String__char_connect_socket_w32_vsnprintf_32.c
C:\Users\Administrator\.jenkins\workspace\PRQA_KPU_1\hongik\cwe134_uncontrolled_format_string\s01\CWE134_Uncontrolled_Format_String__char_console_fprintf_07.c
C:\Users\Administrator\.jenkins\workspace\PRQA_KPU_1\hongik\cwe134_uncontrolled_format_string\s01\CWE134_Uncontrolled_Format_String__char_console_fprintf_10.c
C:\Users\Administrator\.jenkins\workspace\PRQA_KPU_1\hongik\cwe134_uncontrolled_format_string\s01\CWE134_Uncontrolled_Format_String__char_console_fprintf_14.c
C:\Users\Administrator\.jenkins\workspace\PRQA_KPU_1\hongik\cwe134_uncontrolled_format_string\s01\CWE134_Uncontrolled_Format_String__char_console_fprintf_31.c
C:\Users\Administrator\.jenkins\workspace\PRQA_KPU_1\hongik\cwe134_uncontrolled_format_string\s01\CWE134_Uncontrolled_Format_String__char_console_printf_08.c
C:\Users\Administrator\.jenkins\workspace\PRQA_KPU_1\hongik\cwe134_uncontrolled_format_string\s01\CWE134_Uncontrolled_Format_String__char_console_printf_11.c
C:\Users\Administrator\.jenkins\workspace\PRQA_KPU_1\hongik\cwe134_uncontrolled_format_string\s01\CWE134_Uncontrolled_Format_String__char_console_printf_14.c
C:\Users\Administrator\.jenkins\workspace\PRQA_KPU_1\hongik\cwe134_uncontrolled_format_string\s01\CWE134_Uncontrolled_Format_String__char_console_printf_21.c
C:\Users\Administrator\.jenkins\workspace\PRQA_KPU_1\hongik\cwe134_uncontrolled_format_string\s01\CWE134_Uncontrolled_Format_String__char_console_snprintf_09.c
C:\Users\Administrator\.jenkins\workspace\PRQA_KPU_1\hongik\cwe134_uncontrolled_format_string\s01\CWE134_Uncontrolled_Format_String__char_console_snprintf_14.c
C:\Users\Administrator\.jenkins\workspace\PRQA_KPU_1\hongik\cwe134_uncontrolled_format_string\s01\CWE134_Uncontrolled_Format_String__char_console_snprintf_15.c
C:\Users\Administrator\.jenkins\workspace\PRQA_KPU_1\hongik\cwe134_uncontrolled_format_string\s01\CWE134_Uncontrolled_Format_String__char_console_snprintf_18.c
C:\Users\Administrator\.jenkins\workspace\PRQA_KPU_1\hongik\cwe134_uncontrolled_format_string\s01\CWE134_Uncontrolled_Format_String__char_console_w32_vsnprintf_01.c
C:\Users\Administrator\.jenkins\workspace\PRQA_KPU_1\hongik\cwe134_uncontrolled_format_string\s01\CWE134_Uncontrolled_Format_String__char_console_w32_vsnprintf_10.c
C:\Users\Administrator\.jenkins\workspace\PRQA_KPU_1\hongik\cwe134_uncontrolled_format_string\s01\CWE134_Uncontrolled_Format_String__char_console_w32_vsnprintf_45.c
C:\Users\Administrator\.jenkins\workspace\PRQA_KPU_1\hongik\cwe134_uncontrolled_format_string\s02\CWE134_Uncontrolled_Format_String__char_console_w32_vsnprintf_01.c
C:\Users\Administrator\.jenkins\workspace\PRQA_KPU_1\hongik\cwe134_uncontrolled_format_string\s02\CWE134_Uncontrolled_Format_String__char_console_w32_vsnprintf_10.c
C:\Users\Administrator\.jenkins\workspace\PRQA_KPU_1\hongik\cwe134_uncontrolled_format_string\s02\CWE134_Uncontrolled_Format_String__char_console_w32_vsnprintf_45.c
C:\Users\Administrator\.jenkins\workspace\PRQA_KPU_1\hongik\cwe134_uncontrolled_format_string\s02\CWE134_Uncontrolled_Format_String__char_environment_fprintf_02.c
C:\Users\Administrator\.jenkins\workspace\PRQA_KPU_1\hongik\cwe134_uncontrolled_format_string\s02\CWE134_Uncontrolled_Format_String__char_environment_fprintf_16.c
C:\Users\Administrator\.jenkins\workspace\PRQA_KPU_1\hongik\cwe134_uncontrolled_format_string\s02\CWE134_Uncontrolled_Format_String__char_environment_fprintf_44.c
C:\Users\Administrator\.jenkins\workspace\PRQA_KPU_1\hongik\cwe134_uncontrolled_format_string\s02\CWE134_Uncontrolled_Format_String__char_environment_printf_03.c
C:\Users\Administrator\.jenkins\workspace\PRQA_KPU_1\hongik\cwe134_uncontrolled_format_string\s02\CWE134_Uncontrolled_Format_String__char_environment_printf_21.c
C:\Users\Administrator\.jenkins\workspace\PRQA_KPU_1\hongik\cwe134_uncontrolled_format_string\s02\CWE134_Uncontrolled_Format_String__char_environment_printf_42.c
C:\Users\Administrator\.jenkins\workspace\PRQA_KPU_1\hongik\cwe134_uncontrolled_format_string\s02\CWE134_Uncontrolled_Format_String__char_environment_snprintf_04.c
C:\Users\Administrator\.jenkins\workspace\PRQA_KPU_1\hongik\cwe134_uncontrolled_format_string\s02\CWE134_Uncontrolled_Format_String__char_environment_snprintf_17.c
C:\Users\Administrator\.jenkins\workspace\PRQA_KPU_1\hongik\cwe134_uncontrolled_format_string\s02\CWE134_Uncontrolled_Format_String__char_environment_snprintf_41.c
C:\Users\Administrator\.jenkins\workspace\PRQA_KPU_1\hongik\cwe134_uncontrolled_format_string\s02\CWE134_Uncontrolled_Format_String__char_environment_vfprintf_05.c
C:\Users\Administrator\.jenkins\workspace\PRQA_KPU_1\hongik\cwe134_uncontrolled_format_string\s02\CWE134_Uncontrolled_Format_String__char_environment_vfprintf_11.c
C:\Users\Administrator\.jenkins\workspace\PRQA_KPU_1\hongik\cwe134_uncontrolled_format_string\s02\CWE134_Uncontrolled_Format_String__char_environment_vfprintf_34.c
C:\Users\Administrator\.jenkins\workspace\PRQA_KPU_1\hongik\cwe134_uncontrolled_format_string\s02\CWE134_Uncontrolled_Format_String__char_environment_vprintf_06.c
C:\Users\Administrator\.jenkins\workspace\PRQA_KPU_1\hongik\cwe134_uncontrolled_format_string\s02\CWE134_Uncontrolled_Format_String__char_environment_vprintf_15.c
C:\Users\Administrator\.jenkins\workspace\PRQA_KPU_1\hongik\cwe134_uncontrolled_format_string\s02\CWE134_Uncontrolled_Format_String__char_environment_vprintf_32.c
C:\Users\Administrator\.jenkins\workspace\PRQA_KPU_1\hongik\cwe134_uncontrolled_format_string\s02\CWE134_Uncontrolled_Format_String__char_environment_w32_vsnprintf_07.c
C:\Users\Administrator\.jenkins\workspace\PRQA_KPU_1\hongik\cwe134_uncontrolled_format_string\s02\CWE134_Uncontrolled_Format_String__char_environment_w32_vsnprintf_10.c
C:\Users\Administrator\.jenkins\workspace\PRQA_KPU_1\hongik\cwe134_uncontrolled_format_string\s02\CWE134_Uncontrolled_Format_String__char_environment_w32_vsnprintf_14.c
C:\Users\Administrator\.jenkins\workspace\PRQA_KPU_1\hongik\cwe134_uncontrolled_format_string\s02\CWE134_Uncontrolled_Format_String__char_file_fprintf_08.c
C:\Users\Administrator\.jenkins\workspace\PRQA_KPU_1\hongik\cwe134_uncontrolled_format_string\s02\CWE134_Uncontrolled_Format_String__char_file_fprintf_11.c
C:\Users\Administrator\.jenkins\workspace\PRQA_KPU_1\hongik\cwe134_uncontrolled_format_string\s02\CWE134_Uncontrolled_Format_String__char_file_fprintf_14.c
C:\Users\Administrator\.jenkins\workspace\PRQA_KPU_1\hongik\cwe134_uncontrolled_format_string\s02\CWE134_Uncontrolled_Format_String__char_file_printf_09.c
C:\Users\Administrator\.jenkins\workspace\PRQA_KPU_1\hongik\cwe134_uncontrolled_format_string\s02\CWE134_Uncontrolled_Format_String__char_file_printf_14.c
C:\Users\Administrator\.jenkins\workspace\PRQA_KPU_1\hongik\cwe134_uncontrolled_format_string\s02\CWE134_Uncontrolled_Format_String__char_file_printf_15.c
C:\Users\Administrator\.jenkins\workspace\PRQA_KPU_1\hongik\cwe134_uncontrolled_format_string\s02\CWE134_Uncontrolled_Format_String__char_file_snprintf_01.c
C:\Users\Administrator\.jenkins\workspace\PRQA_KPU_1\hongik\cwe134_uncontrolled_format_string\s02\CWE134_Uncontrolled_Format_String__char_file_snprintf_10.c
C:\Users\Administrator\.jenkins\workspace\PRQA_KPU_1\hongik\cwe134_uncontrolled_format_string\s02\CWE134_Uncontrolled_Format_String__char_file_snprintf_45.c
C:\Users\Administrator\.jenkins\workspace\PRQA_KPU_1\hongik\cwe134_uncontrolled_format_string\s03\CWE134_Uncontrolled_Format_String__char_file_w32_vsnprintf_01.c
C:\Users\Administrator\.jenkins\workspace\PRQA_KPU_1\hongik\cwe134_uncontrolled_format_string\s03\CWE134_Uncontrolled_Format_String__char_file_w32_vsnprintf_10.c
C:\Users\Administrator\.jenkins\workspace\PRQA_KPU_1\hongik\cwe134_uncontrolled_format_string\s03\CWE134_Uncontrolled_Format_String__char_file_w32_vsnprintf_45.c
C:\Users\Administrator\.jenkins\workspace\PRQA_KPU_1\hongik\cwe134_uncontrolled_format_string\s03\CWE134_Uncontrolled_Format_String__char_listen_socket_fprintf_02.c
C:\Users\Administrator\.jenkins\workspace\PRQA_KPU_1\hongik\cwe134_uncontrolled_format_string\s03\CWE134_Uncontrolled_Format_String__char_listen_socket_fprintf_16.c
C:\Users\Administrator\.jenkins\workspace\PRQA_KPU_1\hongik\cwe134_uncontrolled_format_string\s03\CWE134_Uncontrolled_Format_String__char_listen_socket_fprintf_44.c
C:\Users\Administrator\.jenkins\workspace\PRQA_KPU_1\hongik\cwe134_uncontrolled_format_string\s03\CWE134_Uncontrolled_Format_String__char_listen_socket_printf_03.c
C:\Users\Administrator\.jenkins\workspace\PRQA_KPU_1\hongik\cwe134_uncontrolled_format_string\s03\CWE134_Uncontrolled_Format_String__char_listen_socket_printf_21.c
C:\Users\Administrator\.jenkins\workspace\PRQA_KPU_1\hongik\cwe134_uncontrolled_format_string\s03\CWE134_Uncontrolled_Format_String__char_listen_socket_printf_42.c
C:\Users\Administrator\.jenkins\workspace\PRQA_KPU_1\hongik\cwe134_uncontrolled_format_string\s03\CWE134_Uncontrolled_Format_String__char_listen_socket_snprintf_04.c
C:\Users\Administrator\.jenkins\workspace\PRQA_KPU_1\hongik\cwe134_uncontrolled_format_string\s03\CWE134_Uncontrolled_Format_String__char_listen_socket_snprintf_17.c
C:\Users\Administrator\.jenkins\workspace\PRQA_KPU_1\hongik\cwe134_uncontrolled_format_string\s03\CWE134_Uncontrolled_Format_String__char_listen_socket_snprintf_41.c
C:\Users\Administrator\.jenkins\workspace\PRQA_KPU_1\hongik\cwe134_uncontrolled_format_string\s03\CWE134_Uncontrolled_Format_String__char_listen_socket_vfprintf_05.c
C:\Users\Administrator\.jenkins\workspace\PRQA_KPU_1\hongik\cwe134_uncontrolled_format_string\s03\CWE134_Uncontrolled_Format_String__char_listen_socket_vfprintf_11.c
C:\Users\Administrator\.jenkins\workspace\PRQA_KPU_1\hongik\cwe134_uncontrolled_format_string\s03\CWE134_Uncontrolled_Format_String__char_listen_socket_vfprintf_34.c
C:\Users\Administrator\.jenkins\workspace\PRQA_KPU_1\hongik\cwe134_uncontrolled_format_string\s03\CWE134_Uncontrolled_Format_String__char_listen_socket_vprintf_06.c
C:\Users\Administrator\.jenkins\workspace\PRQA_KPU_1\hongik\cwe134_uncontrolled_format_string\s03\CWE134_Uncontrolled_Format_String__char_listen_socket_vprintf_15.c
C:\Users\Administrator\.jenkins\workspace\PRQA_KPU_1\hongik\cwe134_uncontrolled_format_string\s03\CWE134_Uncontrolled_Format_String__char_listen_socket_vprintf_32.c
C:\Users\Administrator\.jenkins\workspace\PRQA_KPU_1\hongik\cwe134_uncontrolled_format_string\s03\CWE134_Uncontrolled_Format_String__char_listen_socket_w32_vsnprintf_07.c
C:\Users\Administrator\.jenkins\workspace\PRQA_KPU_1\hongik\cwe134_uncontrolled_format_string\s03\CWE134_Uncontrolled_Format_String__char_listen_socket_w32_vsnprintf_10.c
C:\Users\Administrator\.jenkins\workspace\PRQA_KPU_1\hongik\cwe134_uncontrolled_format_string\s03\CWE134_Uncontrolled_Format_String__char_listen_socket_w32_vsnprintf_14.c
C:\Users\Administrator\.jenkins\workspace\PRQA_KPU_1\hongik\cwe134_uncontrolled_format_string\s03\CWE134_Uncontrolled_Format_String__wchar_t_connect_socket_fprintf_08.c
C:\Users\Administrator\.jenkins\workspace\PRQA_KPU_1\hongik\cwe134_uncontrolled_format_string\s03\CWE134_Uncontrolled_Format_String__wchar_t_connect_socket_fprintf_11.c
C:\Users\Administrator\.jenkins\workspace\PRQA_KPU_1\hongik\cwe134_uncontrolled_format_string\s03\CWE134_Uncontrolled_Format_String__wchar_t_connect_socket_fprintf_14.c
C:\Users\Administrator\.jenkins\workspace\PRQA_KPU_1\hongik\cwe134_uncontrolled_format_string\s03\CWE134_Uncontrolled_Format_String__wchar_t_connect_socket_printf_09.c
C:\Users\Administrator\.jenkins\workspace\PRQA_KPU_1\hongik\cwe134_uncontrolled_format_string\s03\CWE134_Uncontrolled_Format_String__wchar_t_connect_socket_printf_14.c
C:\Users\Administrator\.jenkins\workspace\PRQA_KPU_1\hongik\cwe134_uncontrolled_format_string\s03\CWE134_Uncontrolled_Format_String__wchar_t_connect_socket_printf_15.c
C:\Users\Administrator\.jenkins\workspace\PRQA_KPU_1\hongik\cwe134_uncontrolled_format_string\s03\CWE134_Uncontrolled_Format_String__wchar_t_connect_socket_snprintf_01.c
C:\Users\Administrator\.jenkins\workspace\PRQA_KPU_1\hongik\cwe134_uncontrolled_format_string\s03\CWE134_Uncontrolled_Format_String__wchar_t_connect_socket_snprintf_10.c
C:\Users\Administrator\.jenkins\workspace\PRQA_KPU_1\hongik\cwe134_uncontrolled_format_string\s03\CWE134_Uncontrolled_Format_String__wchar_t_connect_socket_snprintf_45.c
C:\Users\Administrator\.jenkins\workspace\PRQA_KPU_1\kau\cwe78_os_command_injection\s04\CWE78_OS_Command_Injection__char_file_w32_execv_01.c
C:\Users\Administrator\.jenkins\workspace\PRQA_KPU_1\kau\cwe78_os_command_injection\s04\CWE78_OS_Command_Injection__char_file_w32_execv_31.c
C:\Users\Administrator\.jenkins\workspace\PRQA_KPU_1\kau\cwe78_os_command_injection\s04\CWE78_OS_Command_Injection__char_file_w32_execv_68a.c
C:\Users\Administrator\.jenkins\workspace\PRQA_KPU_1\kau\cwe78_os_command_injection\s04\CWE78_OS_Command_Injection__char_file_w32_execv_68b.c
C:\Users\Administrator\.jenkins\workspace\PRQA_KPU_1\kau\cwe78_os_command_injection\s04\CWE78_OS_Command_Injection__char_file_w32_spawnlp_02.c
C:\Users\Administrator\.jenkins\workspace\PRQA_KPU_1\kau\cwe78_os_command_injection\s04\CWE78_OS_Command_Injection__char_file_w32_spawnlp_32.c
C:\Users\Administrator\.jenkins\workspace\PRQA_KPU_1\kau\cwe78_os_command_injection\s04\CWE78_OS_Command_Injection__char_file_w32_spawnlp_67a.c
C:\Users\Administrator\.jenkins\workspace\PRQA_KPU_1\kau\cwe78_os_command_injection\s04\CWE78_OS_Command_Injection__char_file_w32_spawnlp_67b.c
C:\Users\Administrator\.jenkins\workspace\PRQA_KPU_1\kau\cwe78_os_command_injection\s04\CWE78_OS_Command_Injection__char_file_w32_spawnvp_04.c
C:\Users\Administrator\.jenkins\workspace\PRQA_KPU_1\kau\cwe78_os_command_injection\s04\CWE78_OS_Command_Injection__char_file_w32_spawnvp_41.c
C:\Users\Administrator\.jenkins\workspace\PRQA_KPU_1\kau\cwe78_os_command_injection\s04\CWE78_OS_Command_Injection__char_file_w32_spawnvp_65a.c
C:\Users\Administrator\.jenkins\workspace\PRQA_KPU_1\kau\cwe78_os_command_injection\s04\CWE78_OS_Command_Injection__char_file_w32_spawnvp_65b.c
C:\Users\Administrator\.jenkins\workspace\PRQA_KPU_1\kau\cwe78_os_command_injection\s04\CWE78_OS_Command_Injection__char_file_w32_spawnv_03.c
C:\Users\Administrator\.jenkins\workspace\PRQA_KPU_1\kau\cwe78_os_command_injection\s04\CWE78_OS_Command_Injection__char_file_w32_spawnv_34.c
C:\Users\Administrator\.jenkins\workspace\PRQA_KPU_1\kau\cwe78_os_command_injection\s04\CWE78_OS_Command_Injection__char_file_w32_spawnv_66a.c
C:\Users\Administrator\.jenkins\workspace\PRQA_KPU_1\kau\cwe78_os_command_injection\s04\CWE78_OS_Command_Injection__char_file_w32_spawnv_66b.c
C:\Users\Administrator\.jenkins\workspace\PRQA_KPU_1\kau\cwe78_os_command_injection\s04\CWE78_OS_Command_Injection__char_listen_socket_execlp_06.c
C:\Users\Administrator\.jenkins\workspace\PRQA_KPU_1\kau\cwe78_os_command_injection\s04\CWE78_OS_Command_Injection__char_listen_socket_execlp_44.c
C:\Users\Administrator\.jenkins\workspace\PRQA_KPU_1\kau\cwe78_os_command_injection\s04\CWE78_OS_Command_Injection__char_listen_socket_execlp_63a.c
C:\Users\Administrator\.jenkins\workspace\PRQA_KPU_1\kau\cwe78_os_command_injection\s04\CWE78_OS_Command_Injection__char_listen_socket_execlp_63b.c
C:\Users\Administrator\.jenkins\workspace\PRQA_KPU_1\kau\cwe78_os_command_injection\s04\CWE78_OS_Command_Injection__char_listen_socket_execl_05.c
C:\Users\Administrator\.jenkins\workspace\PRQA_KPU_1\kau\cwe78_os_command_injection\s04\CWE78_OS_Command_Injection__char_listen_socket_execl_42.c
C:\Users\Administrator\.jenkins\workspace\PRQA_KPU_1\kau\cwe78_os_command_injection\s04\CWE78_OS_Command_Injection__char_listen_socket_execl_64a.c
C:\Users\Administrator\.jenkins\workspace\PRQA_KPU_1\kau\cwe78_os_command_injection\s04\CWE78_OS_Command_Injection__char_listen_socket_execl_64b.c
C:\Users\Administrator\.jenkins\workspace\PRQA_KPU_1\kau\cwe78_os_command_injection\s04\CWE78_OS_Command_Injection__char_listen_socket_popen_07.c
C:\Users\Administrator\.jenkins\workspace\PRQA_KPU_1\kau\cwe78_os_command_injection\s04\CWE78_OS_Command_Injection__char_listen_socket_popen_61a.c
C:\Users\Administrator\.jenkins\workspace\PRQA_KPU_1\kau\cwe78_os_command_injection\s04\CWE78_OS_Command_Injection__char_listen_socket_popen_61b.c
C:\Users\Administrator\.jenkins\workspace\PRQA_KPU_1\kau\cwe78_os_command_injection\s04\CWE78_OS_Command_Injection__char_listen_socket_system_08.c
C:\Users\Administrator\.jenkins\workspace\PRQA_KPU_1\kau\cwe78_os_command_injection\s04\CWE78_OS_Command_Injection__char_listen_socket_system_54a.c
C:\Users\Administrator\.jenkins\workspace\PRQA_KPU_1\kau\cwe78_os_command_injection\s04\CWE78_OS_Command_Injection__char_listen_socket_system_54b.c
C:\Users\Administrator\.jenkins\workspace\PRQA_KPU_1\kau\cwe78_os_command_injection\s04\CWE78_OS_Command_Injection__char_listen_socket_system_54c.c
C:\Users\Administrator\.jenkins\workspace\PRQA_KPU_1\kau\cwe78_os_command_injection\s04\CWE78_OS_Command_Injection__char_listen_socket_system_54d.c
C:\Users\Administrator\.jenkins\workspace\PRQA_KPU_1\kau\cwe78_os_command_injection\s04\CWE78_OS_Command_Injection__char_listen_socket_system_54e.c
C:\Users\Administrator\.jenkins\workspace\PRQA_KPU_1\kau\cwe78_os_command_injection\s04\CWE78_OS_Command_Injection__char_listen_socket_w32spawnl_12.c
C:\Users\Administrator\.jenkins\workspace\PRQA_KPU_1\kau\cwe78_os_command_injection\s04\CWE78_OS_Command_Injection__char_listen_socket_w32spawnl_45.c
C:\Users\Administrator\.jenkins\workspace\PRQA_KPU_1\kau\cwe78_os_command_injection\s04\CWE78_OS_Command_Injection__char_listen_socket_w32_execvp_10.c
C:\Users\Administrator\.jenkins\workspace\PRQA_KPU_1\kau\cwe78_os_command_injection\s04\CWE78_OS_Command_Injection__char_listen_socket_w32_execvp_52a.c
C:\Users\Administrator\.jenkins\workspace\PRQA_KPU_1\kau\cwe78_os_command_injection\s04\CWE78_OS_Command_Injection__char_listen_socket_w32_execvp_52b.c
C:\Users\Administrator\.jenkins\workspace\PRQA_KPU_1\kau\cwe78_os_command_injection\s04\CWE78_OS_Command_Injection__char_listen_socket_w32_execvp_52c.c
C:\Users\Administrator\.jenkins\workspace\PRQA_KPU_1\kau\cwe78_os_command_injection\s04\CWE78_OS_Command_Injection__char_listen_socket_w32_execv_09.c
C:\Users\Administrator\.jenkins\workspace\PRQA_KPU_1\kau\cwe78_os_command_injection\s04\CWE78_OS_Command_Injection__char_listen_socket_w32_execv_53a.c
C:\Users\Administrator\.jenkins\workspace\PRQA_KPU_1\kau\cwe78_os_command_injection\s04\CWE78_OS_Command_Injection__char_listen_socket_w32_execv_53b.c
C:\Users\Administrator\.jenkins\workspace\PRQA_KPU_1\kau\cwe78_os_command_injection\s04\CWE78_OS_Command_Injection__char_listen_socket_w32_execv_53c.c
C:\Users\Administrator\.jenkins\workspace\PRQA_KPU_1\kau\cwe78_os_command_injection\s04\CWE78_OS_Command_Injection__char_listen_socket_w32_execv_53d.c
C:\Users\Administrator\.jenkins\workspace\PRQA_KPU_1\kau\cwe78_os_command_injection\s04\CWE78_OS_Command_Injection__char_listen_socket_w32_spawnlp_11.c
C:\Users\Administrator\.jenkins\workspace\PRQA_KPU_1\kau\cwe78_os_command_injection\s04\CWE78_OS_Command_Injection__char_listen_socket_w32_spawnlp_51a.c
C:\Users\Administrator\.jenkins\workspace\PRQA_KPU_1\kau\cwe78_os_command_injection\s04\CWE78_OS_Command_Injection__char_listen_socket_w32_spawnlp_51b.c
C:\Users\Administrator\.jenkins\workspace\PRQA_KPU_1\kau\cwe78_os_command_injection\s04\io.c
C:\Users\Administrator\.jenkins\workspace\PRQA_KPU_1\kau\cwe78_os_command_injection\s04\std_thread.c
C:\Users\Administrator\.jenkins\workspace\PRQA_KPU_1\kau\cwe78_os_command_injection\s05\CWE78_OS_Command_Injection__char_listen_socket_w32_spawnvp_14.c
C:\Users\Administrator\.jenkins\workspace\PRQA_KPU_1\kau\cwe78_os_command_injection\s05\CWE78_OS_Command_Injection__char_listen_socket_w32_spawnvp_42.c
C:\Users\Administrator\.jenkins\workspace\PRQA_KPU_1\kau\cwe78_os_command_injection\s05\CWE78_OS_Command_Injection__char_listen_socket_w32_spawnvp_51a.c
C:\Users\Administrator\.jenkins\workspace\PRQA_KPU_1\kau\cwe78_os_command_injection\s05\CWE78_OS_Command_Injection__char_listen_socket_w32_spawnvp_51b.c
C:\Users\Administrator\.jenkins\workspace\PRQA_KPU_1\kau\cwe78_os_command_injection\s05\CWE78_OS_Command_Injection__char_listen_socket_w32_spawnv_13.c
C:\Users\Administrator\.jenkins\workspace\PRQA_KPU_1\kau\cwe78_os_command_injection\s05\CWE78_OS_Command_Injection__char_listen_socket_w32_spawnv_44.c
C:\Users\Administrator\.jenkins\workspace\PRQA_KPU_1\kau\cwe78_os_command_injection\s05\CWE78_OS_Command_Injection__char_listen_socket_w32_spawnv_45.c
C:\Users\Administrator\.jenkins\workspace\PRQA_KPU_1\kau\cwe78_os_command_injection\s05\CWE78_OS_Command_Injection__wchar_t_connect_socket_execlp_16.c
C:\Users\Administrator\.jenkins\workspace\PRQA_KPU_1\kau\cwe78_os_command_injection\s05\CWE78_OS_Command_Injection__wchar_t_connect_socket_execlp_34.c
C:\Users\Administrator\.jenkins\workspace\PRQA_KPU_1\kau\cwe78_os_command_injection\s05\CWE78_OS_Command_Injection__wchar_t_connect_socket_execlp_53a.c
C:\Users\Administrator\.jenkins\workspace\PRQA_KPU_1\kau\cwe78_os_command_injection\s05\CWE78_OS_Command_Injection__wchar_t_connect_socket_execlp_53b.c
C:\Users\Administrator\.jenkins\workspace\PRQA_KPU_1\kau\cwe78_os_command_injection\s05\CWE78_OS_Command_Injection__wchar_t_connect_socket_execlp_53c.c
C:\Users\Administrator\.jenkins\workspace\PRQA_KPU_1\kau\cwe78_os_command_injection\s05\CWE78_OS_Command_Injection__wchar_t_connect_socket_execlp_53d.c
C:\Users\Administrator\.jenkins\workspace\PRQA_KPU_1\kau\cwe78_os_command_injection\s05\CWE78_OS_Command_Injection__wchar_t_connect_socket_execl_15.c
C:\Users\Administrator\.jenkins\workspace\PRQA_KPU_1\kau\cwe78_os_command_injection\s05\CWE78_OS_Command_Injection__wchar_t_connect_socket_execl_41.c
C:\Users\Administrator\.jenkins\workspace\PRQA_KPU_1\kau\cwe78_os_command_injection\s05\CWE78_OS_Command_Injection__wchar_t_connect_socket_execl_42.c
C:\Users\Administrator\.jenkins\workspace\PRQA_KPU_1\kau\cwe78_os_command_injection\s05\CWE78_OS_Command_Injection__wchar_t_connect_socket_execl_52a.c
C:\Users\Administrator\.jenkins\workspace\PRQA_KPU_1\kau\cwe78_os_command_injection\s05\CWE78_OS_Command_Injection__wchar_t_connect_socket_execl_52b.c
C:\Users\Administrator\.jenkins\workspace\PRQA_KPU_1\kau\cwe78_os_command_injection\s05\CWE78_OS_Command_Injection__wchar_t_connect_socket_execl_52c.c
C:\Users\Administrator\.jenkins\workspace\PRQA_KPU_1\kau\cwe78_os_command_injection\s05\CWE78_OS_Command_Injection__wchar_t_connect_socket_popen_17.c
C:\Users\Administrator\.jenkins\workspace\PRQA_KPU_1\kau\cwe78_os_command_injection\s05\CWE78_OS_Command_Injection__wchar_t_connect_socket_popen_32.c
C:\Users\Administrator\.jenkins\workspace\PRQA_KPU_1\kau\cwe78_os_command_injection\s05\CWE78_OS_Command_Injection__wchar_t_connect_socket_popen_54a.c
C:\Users\Administrator\.jenkins\workspace\PRQA_KPU_1\kau\cwe78_os_command_injection\s05\CWE78_OS_Command_Injection__wchar_t_connect_socket_popen_54b.c
C:\Users\Administrator\.jenkins\workspace\PRQA_KPU_1\kau\cwe78_os_command_injection\s05\CWE78_OS_Command_Injection__wchar_t_connect_socket_popen_54c.c
C:\Users\Administrator\.jenkins\workspace\PRQA_KPU_1\kau\cwe78_os_command_injection\s05\CWE78_OS_Command_Injection__wchar_t_connect_socket_popen_54d.c
C:\Users\Administrator\.jenkins\workspace\PRQA_KPU_1\kau\cwe78_os_command_injection\s05\CWE78_OS_Command_Injection__wchar_t_connect_socket_popen_54e.c
C:\Users\Administrator\.jenkins\workspace\PRQA_KPU_1\kau\cwe78_os_command_injection\s05\CWE78_OS_Command_Injection__wchar_t_connect_socket_system_18.c
C:\Users\Administrator\.jenkins\workspace\PRQA_KPU_1\kau\cwe78_os_command_injection\s05\CWE78_OS_Command_Injection__wchar_t_connect_socket_system_31.c
C:\Users\Administrator\.jenkins\workspace\PRQA_KPU_1\kau\cwe78_os_command_injection\s05\CWE78_OS_Command_Injection__wchar_t_connect_socket_system_61a.c
C:\Users\Administrator\.jenkins\workspace\PRQA_KPU_1\kau\cwe78_os_command_injection\s05\CWE78_OS_Command_Injection__wchar_t_connect_socket_system_61b.c
C:\Users\Administrator\.jenkins\workspace\PRQA_KPU_1\kau\cwe78_os_command_injection\s05\CWE78_OS_Command_Injection__wchar_t_connect_socket_w32spawnl_18.c
C:\Users\Administrator\.jenkins\workspace\PRQA_KPU_1\kau\cwe78_os_command_injection\s05\CWE78_OS_Command_Injection__wchar_t_connect_socket_w32spawnl_31.c
C:\Users\Administrator\.jenkins\workspace\PRQA_KPU_1\kau\cwe78_os_command_injection\s05\CWE78_OS_Command_Injection__wchar_t_connect_socket_w32_execvp_21.c
C:\Users\Administrator\.jenkins\workspace\PRQA_KPU_1\kau\cwe78_os_command_injection\s05\CWE78_OS_Command_Injection__wchar_t_connect_socket_w32_execvp_22a.c
C:\Users\Administrator\.jenkins\workspace\PRQA_KPU_1\kau\cwe78_os_command_injection\s05\CWE78_OS_Command_Injection__wchar_t_connect_socket_w32_execvp_22b.c
C:\Users\Administrator\.jenkins\workspace\PRQA_KPU_1\kau\cwe78_os_command_injection\s05\CWE78_OS_Command_Injection__wchar_t_connect_socket_w32_execv_21.c
C:\Users\Administrator\.jenkins\workspace\PRQA_KPU_1\kau\cwe78_os_command_injection\s05\CWE78_OS_Command_Injection__wchar_t_connect_socket_w32_execv_22a.c
C:\Users\Administrator\.jenkins\workspace\PRQA_KPU_1\kau\cwe78_os_command_injection\s05\CWE78_OS_Command_Injection__wchar_t_connect_socket_w32_execv_22b.c
C:\Users\Administrator\.jenkins\workspace\PRQA_KPU_1\kau\cwe78_os_command_injection\s05\CWE78_OS_Command_Injection__wchar_t_connect_socket_w32_spawnlp_17.c
C:\Users\Administrator\.jenkins\workspace\PRQA_KPU_1\kau\cwe78_os_command_injection\s05\CWE78_OS_Command_Injection__wchar_t_connect_socket_w32_spawnlp_32.c
C:\Users\Administrator\.jenkins\workspace\PRQA_KPU_1\kau\cwe78_os_command_injection\s05\CWE78_OS_Command_Injection__wchar_t_connect_socket_w32_spawnvp_15.c
C:\Users\Administrator\.jenkins\workspace\PRQA_KPU_1\kau\cwe78_os_command_injection\s05\CWE78_OS_Command_Injection__wchar_t_connect_socket_w32_spawnvp_41.c
C:\Users\Administrator\.jenkins\workspace\PRQA_KPU_1\kau\cwe78_os_command_injection\s05\CWE78_OS_Command_Injection__wchar_t_connect_socket_w32_spawnv_16.c
C:\Users\Administrator\.jenkins\workspace\PRQA_KPU_1\kau\cwe78_os_command_injection\s05\CWE78_OS_Command_Injection__wchar_t_connect_socket_w32_spawnv_34.c
C:\Users\Administrator\.jenkins\workspace\PRQA_KPU_1\kau\cwe78_os_command_injection\s05\io.c
C:\Users\Administrator\.jenkins\workspace\PRQA_KPU_1\kau\cwe78_os_command_injection\s05\std_thread.c
C:\Users\Administrator\.jenkins\workspace\PRQA_KPU_1\kau\cwe78_os_command_injection\s06\CWE78_OS_Command_Injection__wchar_t_console_execlp_13.c
C:\Users\Administrator\.jenkins\workspace\PRQA_KPU_1\kau\cwe78_os_command_injection\s06\CWE78_OS_Command_Injection__wchar_t_console_execlp_16.c
C:\Users\Administrator\.jenkins\workspace\PRQA_KPU_1\kau\cwe78_os_command_injection\s06\CWE78_OS_Command_Injection__wchar_t_console_execlp_44.c
C:\Users\Administrator\.jenkins\workspace\PRQA_KPU_1\kau\cwe78_os_command_injection\s06\CWE78_OS_Command_Injection__wchar_t_console_execl_14.c
C:\Users\Administrator\.jenkins\workspace\PRQA_KPU_1\kau\cwe78_os_command_injection\s06\CWE78_OS_Command_Injection__wchar_t_console_execl_15.c
C:\Users\Administrator\.jenkins\workspace\PRQA_KPU_1\kau\cwe78_os_command_injection\s06\CWE78_OS_Command_Injection__wchar_t_console_execl_42.c
C:\Users\Administrator\.jenkins\workspace\PRQA_KPU_1\kau\cwe78_os_command_injection\s06\CWE78_OS_Command_Injection__wchar_t_console_popen_12.c
C:\Users\Administrator\.jenkins\workspace\PRQA_KPU_1\kau\cwe78_os_command_injection\s06\CWE78_OS_Command_Injection__wchar_t_console_popen_17.c
C:\Users\Administrator\.jenkins\workspace\PRQA_KPU_1\kau\cwe78_os_command_injection\s06\CWE78_OS_Command_Injection__wchar_t_console_popen_45.c
C:\Users\Administrator\.jenkins\workspace\PRQA_KPU_1\kau\cwe78_os_command_injection\s06\CWE78_OS_Command_Injection__wchar_t_console_system_11.c
C:\Users\Administrator\.jenkins\workspace\PRQA_KPU_1\kau\cwe78_os_command_injection\s06\CWE78_OS_Command_Injection__wchar_t_console_system_18.c
C:\Users\Administrator\.jenkins\workspace\PRQA_KPU_1\kau\cwe78_os_command_injection\s06\CWE78_OS_Command_Injection__wchar_t_console_system_51a.c
C:\Users\Administrator\.jenkins\workspace\PRQA_KPU_1\kau\cwe78_os_command_injection\s06\CWE78_OS_Command_Injection__wchar_t_console_system_51b.c
C:\Users\Administrator\.jenkins\workspace\PRQA_KPU_1\kau\cwe78_os_command_injection\s06\CWE78_OS_Command_Injection__wchar_t_console_w32spawnl_08.c
C:\Users\Administrator\.jenkins\workspace\PRQA_KPU_1\kau\cwe78_os_command_injection\s06\CWE78_OS_Command_Injection__wchar_t_console_w32spawnl_54a.c
C:\Users\Administrator\.jenkins\workspace\PRQA_KPU_1\kau\cwe78_os_command_injection\s06\CWE78_OS_Command_Injection__wchar_t_console_w32spawnl_54b.c
C:\Users\Administrator\.jenkins\workspace\PRQA_KPU_1\kau\cwe78_os_command_injection\s06\CWE78_OS_Command_Injection__wchar_t_console_w32spawnl_54c.c
C:\Users\Administrator\.jenkins\workspace\PRQA_KPU_1\kau\cwe78_os_command_injection\s06\CWE78_OS_Command_Injection__wchar_t_console_w32spawnl_54d.c
C:\Users\Administrator\.jenkins\workspace\PRQA_KPU_1\kau\cwe78_os_command_injection\s06\CWE78_OS_Command_Injection__wchar_t_console_w32spawnl_54e.c
C:\Users\Administrator\.jenkins\workspace\PRQA_KPU_1\kau\cwe78_os_command_injection\s06\CWE78_OS_Command_Injection__wchar_t_console_w32_execvp_09.c
C:\Users\Administrator\.jenkins\workspace\PRQA_KPU_1\kau\cwe78_os_command_injection\s06\CWE78_OS_Command_Injection__wchar_t_console_w32_execvp_22a.c
C:\Users\Administrator\.jenkins\workspace\PRQA_KPU_1\kau\cwe78_os_command_injection\s06\CWE78_OS_Command_Injection__wchar_t_console_w32_execvp_22b.c
C:\Users\Administrator\.jenkins\workspace\PRQA_KPU_1\kau\cwe78_os_command_injection\s06\CWE78_OS_Command_Injection__wchar_t_console_w32_execvp_53a.c
C:\Users\Administrator\.jenkins\workspace\PRQA_KPU_1\kau\cwe78_os_command_injection\s06\CWE78_OS_Command_Injection__wchar_t_console_w32_execvp_53b.c
C:\Users\Administrator\.jenkins\workspace\PRQA_KPU_1\kau\cwe78_os_command_injection\s06\CWE78_OS_Command_Injection__wchar_t_console_w32_execvp_53c.c
C:\Users\Administrator\.jenkins\workspace\PRQA_KPU_1\kau\cwe78_os_command_injection\s06\CWE78_OS_Command_Injection__wchar_t_console_w32_execvp_53d.c
C:\Users\Administrator\.jenkins\workspace\PRQA_KPU_1\kau\cwe78_os_command_injection\s06\CWE78_OS_Command_Injection__wchar_t_console_w32_execv_10.c
C:\Users\Administrator\.jenkins\workspace\PRQA_KPU_1\kau\cwe78_os_command_injection\s06\CWE78_OS_Command_Injection__wchar_t_console_w32_execv_21.c
C:\Users\Administrator\.jenkins\workspace\PRQA_KPU_1\kau\cwe78_os_command_injection\s06\CWE78_OS_Command_Injection__wchar_t_console_w32_execv_52a.c
C:\Users\Administrator\.jenkins\workspace\PRQA_KPU_1\kau\cwe78_os_command_injection\s06\CWE78_OS_Command_Injection__wchar_t_console_w32_execv_52b.c
C:\Users\Administrator\.jenkins\workspace\PRQA_KPU_1\kau\cwe78_os_command_injection\s06\CWE78_OS_Command_Injection__wchar_t_console_w32_execv_52c.c
C:\Users\Administrator\.jenkins\workspace\PRQA_KPU_1\kau\cwe78_os_command_injection\s06\CWE78_OS_Command_Injection__wchar_t_console_w32_spawnlp_07.c
C:\Users\Administrator\.jenkins\workspace\PRQA_KPU_1\kau\cwe78_os_command_injection\s06\CWE78_OS_Command_Injection__wchar_t_console_w32_spawnlp_61a.c
C:\Users\Administrator\.jenkins\workspace\PRQA_KPU_1\kau\cwe78_os_command_injection\s06\CWE78_OS_Command_Injection__wchar_t_console_w32_spawnlp_61b.c
C:\Users\Administrator\.jenkins\workspace\PRQA_KPU_1\kau\cwe78_os_command_injection\s06\CWE78_OS_Command_Injection__wchar_t_console_w32_spawnvp_05.c
C:\Users\Administrator\.jenkins\workspace\PRQA_KPU_1\kau\cwe78_os_command_injection\s06\CWE78_OS_Command_Injection__wchar_t_console_w32_spawnvp_64a.c
C:\Users\Administrator\.jenkins\workspace\PRQA_KPU_1\kau\cwe78_os_command_injection\s06\CWE78_OS_Command_Injection__wchar_t_console_w32_spawnvp_64b.c
C:\Users\Administrator\.jenkins\workspace\PRQA_KPU_1\kau\cwe78_os_command_injection\s06\CWE78_OS_Command_Injection__wchar_t_console_w32_spawnv_06.c
C:\Users\Administrator\.jenkins\workspace\PRQA_KPU_1\kau\cwe78_os_command_injection\s06\CWE78_OS_Command_Injection__wchar_t_console_w32_spawnv_63a.c
C:\Users\Administrator\.jenkins\workspace\PRQA_KPU_1\kau\cwe78_os_command_injection\s06\CWE78_OS_Command_Injection__wchar_t_console_w32_spawnv_63b.c
C:\Users\Administrator\.jenkins\workspace\PRQA_KPU_1\kau\cwe78_os_command_injection\s06\CWE78_OS_Command_Injection__wchar_t_environment_execlp_03.c
C:\Users\Administrator\.jenkins\workspace\PRQA_KPU_1\kau\cwe78_os_command_injection\s06\CWE78_OS_Command_Injection__wchar_t_environment_execlp_66a.c
C:\Users\Administrator\.jenkins\workspace\PRQA_KPU_1\kau\cwe78_os_command_injection\s06\CWE78_OS_Command_Injection__wchar_t_environment_execlp_66b.c
C:\Users\Administrator\.jenkins\workspace\PRQA_KPU_1\kau\cwe78_os_command_injection\s06\CWE78_OS_Command_Injection__wchar_t_environment_execl_04.c
C:\Users\Administrator\.jenkins\workspace\PRQA_KPU_1\kau\cwe78_os_command_injection\s06\CWE78_OS_Command_Injection__wchar_t_environment_execl_65a.c
C:\Users\Administrator\.jenkins\workspace\PRQA_KPU_1\kau\cwe78_os_command_injection\s06\CWE78_OS_Command_Injection__wchar_t_environment_execl_65b.c
C:\Users\Administrator\.jenkins\workspace\PRQA_KPU_1\kau\cwe78_os_command_injection\s06\io.c
C:\Users\Administrator\.jenkins\workspace\PRQA_KPU_1\kau\cwe78_os_command_injection\s06\std_thread.c
C:\Users\Administrator\.jenkins\workspace\PRQA_KPU_1\korea\cwe78_os_command_injection\s01\CWE78_OS_Command_Injection__char_connect_socket_execlp_01.c
C:\Users\Administrator\.jenkins\workspace\PRQA_KPU_1\korea\cwe78_os_command_injection\s01\CWE78_OS_Command_Injection__char_connect_socket_execlp_34.c
C:\Users\Administrator\.jenkins\workspace\PRQA_KPU_1\korea\cwe78_os_command_injection\s01\CWE78_OS_Command_Injection__char_connect_socket_execl_02.c
C:\Users\Administrator\.jenkins\workspace\PRQA_KPU_1\korea\cwe78_os_command_injection\s01\CWE78_OS_Command_Injection__char_connect_socket_execl_32.c
C:\Users\Administrator\.jenkins\workspace\PRQA_KPU_1\korea\cwe78_os_command_injection\s01\CWE78_OS_Command_Injection__char_connect_socket_popen_01.c
C:\Users\Administrator\.jenkins\workspace\PRQA_KPU_1\korea\cwe78_os_command_injection\s01\CWE78_OS_Command_Injection__char_connect_socket_popen_32.c
C:\Users\Administrator\.jenkins\workspace\PRQA_KPU_1\korea\cwe78_os_command_injection\s01\CWE78_OS_Command_Injection__char_connect_socket_system_01.c
C:\Users\Administrator\.jenkins\workspace\PRQA_KPU_1\korea\cwe78_os_command_injection\s01\CWE78_OS_Command_Injection__char_connect_socket_system_32.c
C:\Users\Administrator\.jenkins\workspace\PRQA_KPU_1\korea\cwe78_os_command_injection\s01\CWE78_OS_Command_Injection__char_connect_socket_w32spawnl_01.c
C:\Users\Administrator\.jenkins\workspace\PRQA_KPU_1\korea\cwe78_os_command_injection\s01\CWE78_OS_Command_Injection__char_connect_socket_w32spawnl_31.c
C:\Users\Administrator\.jenkins\workspace\PRQA_KPU_1\korea\cwe78_os_command_injection\s01\CWE78_OS_Command_Injection__char_connect_socket_w32spawnl_32.c
C:\Users\Administrator\.jenkins\workspace\PRQA_KPU_1\korea\cwe78_os_command_injection\s01\CWE78_OS_Command_Injection__char_connect_socket_w32_execvp_01.c
C:\Users\Administrator\.jenkins\workspace\PRQA_KPU_1\korea\cwe78_os_command_injection\s01\CWE78_OS_Command_Injection__char_connect_socket_w32_execvp_32.c
C:\Users\Administrator\.jenkins\workspace\PRQA_KPU_1\korea\cwe78_os_command_injection\s01\CWE78_OS_Command_Injection__char_connect_socket_w32_execv_01.c
C:\Users\Administrator\.jenkins\workspace\PRQA_KPU_1\korea\cwe78_os_command_injection\s01\CWE78_OS_Command_Injection__char_connect_socket_w32_execv_32.c
C:\Users\Administrator\.jenkins\workspace\PRQA_KPU_1\korea\cwe78_os_command_injection\s01\CWE78_OS_Command_Injection__char_connect_socket_w32_spawnlp_01.c
C:\Users\Administrator\.jenkins\workspace\PRQA_KPU_1\korea\cwe78_os_command_injection\s01\CWE78_OS_Command_Injection__char_connect_socket_w32_spawnlp_31.c
C:\Users\Administrator\.jenkins\workspace\PRQA_KPU_1\korea\cwe78_os_command_injection\s01\CWE78_OS_Command_Injection__char_connect_socket_w32_spawnlp_32.c
C:\Users\Administrator\.jenkins\workspace\PRQA_KPU_1\korea\cwe78_os_command_injection\s01\CWE78_OS_Command_Injection__char_connect_socket_w32_spawnvp_01.c
C:\Users\Administrator\.jenkins\workspace\PRQA_KPU_1\korea\cwe78_os_command_injection\s01\CWE78_OS_Command_Injection__char_connect_socket_w32_spawnvp_31.c
C:\Users\Administrator\.jenkins\workspace\PRQA_KPU_1\korea\cwe78_os_command_injection\s01\CWE78_OS_Command_Injection__char_connect_socket_w32_spawnvp_32.c
C:\Users\Administrator\.jenkins\workspace\PRQA_KPU_1\korea\cwe78_os_command_injection\s01\CWE78_OS_Command_Injection__char_connect_socket_w32_spawnv_01.c
C:\Users\Administrator\.jenkins\workspace\PRQA_KPU_1\korea\cwe78_os_command_injection\s01\CWE78_OS_Command_Injection__char_connect_socket_w32_spawnv_31.c
C:\Users\Administrator\.jenkins\workspace\PRQA_KPU_1\korea\cwe78_os_command_injection\s01\CWE78_OS_Command_Injection__char_connect_socket_w32_spawnv_32.c
C:\Users\Administrator\.jenkins\workspace\PRQA_KPU_1\korea\cwe78_os_command_injection\s01\CWE78_OS_Command_Injection__char_console_execlp_01.c
C:\Users\Administrator\.jenkins\workspace\PRQA_KPU_1\korea\cwe78_os_command_injection\s01\CWE78_OS_Command_Injection__char_console_execlp_11.c
C:\Users\Administrator\.jenkins\workspace\PRQA_KPU_1\korea\cwe78_os_command_injection\s01\CWE78_OS_Command_Injection__char_console_execlp_31.c
C:\Users\Administrator\.jenkins\workspace\PRQA_KPU_1\korea\cwe78_os_command_injection\s01\CWE78_OS_Command_Injection__char_console_execl_01.c
C:\Users\Administrator\.jenkins\workspace\PRQA_KPU_1\korea\cwe78_os_command_injection\s01\CWE78_OS_Command_Injection__char_console_execl_02.c
C:\Users\Administrator\.jenkins\workspace\PRQA_KPU_1\korea\cwe78_os_command_injection\s01\CWE78_OS_Command_Injection__char_console_execl_32.c
C:\Users\Administrator\.jenkins\workspace\PRQA_KPU_1\korea\cwe78_os_command_injection\s02\CWE78_OS_Command_Injection__char_console_popen_01.c
C:\Users\Administrator\.jenkins\workspace\PRQA_KPU_1\korea\cwe78_os_command_injection\s02\CWE78_OS_Command_Injection__char_console_popen_31.c
C:\Users\Administrator\.jenkins\workspace\PRQA_KPU_1\korea\cwe78_os_command_injection\s02\CWE78_OS_Command_Injection__char_console_system_01.c
C:\Users\Administrator\.jenkins\workspace\PRQA_KPU_1\korea\cwe78_os_command_injection\s02\CWE78_OS_Command_Injection__char_console_system_32.c
C:\Users\Administrator\.jenkins\workspace\PRQA_KPU_1\korea\cwe78_os_command_injection\s02\CWE78_OS_Command_Injection__char_console_w32spawnl_01.c
C:\Users\Administrator\.jenkins\workspace\PRQA_KPU_1\korea\cwe78_os_command_injection\s02\CWE78_OS_Command_Injection__char_console_w32spawnl_13.c
C:\Users\Administrator\.jenkins\workspace\PRQA_KPU_1\korea\cwe78_os_command_injection\s02\CWE78_OS_Command_Injection__char_console_w32spawnl_32.c
C:\Users\Administrator\.jenkins\workspace\PRQA_KPU_1\korea\cwe78_os_command_injection\s02\CWE78_OS_Command_Injection__char_console_w32_execvp_01.c
C:\Users\Administrator\.jenkins\workspace\PRQA_KPU_1\korea\cwe78_os_command_injection\s02\CWE78_OS_Command_Injection__char_console_w32_execvp_13.c
C:\Users\Administrator\.jenkins\workspace\PRQA_KPU_1\korea\cwe78_os_command_injection\s02\CWE78_OS_Command_Injection__char_console_w32_execvp_32.c
C:\Users\Administrator\.jenkins\workspace\PRQA_KPU_1\korea\cwe78_os_command_injection\s02\CWE78_OS_Command_Injection__char_console_w32_execv_01.c
C:\Users\Administrator\.jenkins\workspace\PRQA_KPU_1\korea\cwe78_os_command_injection\s02\CWE78_OS_Command_Injection__char_console_w32_execv_32.c
C:\Users\Administrator\.jenkins\workspace\PRQA_KPU_1\korea\cwe78_os_command_injection\s02\CWE78_OS_Command_Injection__char_console_w32_spawnlp_13.c
C:\Users\Administrator\.jenkins\workspace\PRQA_KPU_1\korea\cwe78_os_command_injection\s02\CWE78_OS_Command_Injection__char_console_w32_spawnlp_31.c
C:\Users\Administrator\.jenkins\workspace\PRQA_KPU_1\korea\cwe78_os_command_injection\s02\CWE78_OS_Command_Injection__char_console_w32_spawnvp_01.c
C:\Users\Administrator\.jenkins\workspace\PRQA_KPU_1\korea\cwe78_os_command_injection\s02\CWE78_OS_Command_Injection__char_console_w32_spawnvp_13.c
C:\Users\Administrator\.jenkins\workspace\PRQA_KPU_1\korea\cwe78_os_command_injection\s02\CWE78_OS_Command_Injection__char_console_w32_spawnvp_31.c
C:\Users\Administrator\.jenkins\workspace\PRQA_KPU_1\korea\cwe78_os_command_injection\s02\CWE78_OS_Command_Injection__char_console_w32_spawnv_01.c
C:\Users\Administrator\.jenkins\workspace\PRQA_KPU_1\korea\cwe78_os_command_injection\s02\CWE78_OS_Command_Injection__char_console_w32_spawnv_13.c
C:\Users\Administrator\.jenkins\workspace\PRQA_KPU_1\korea\cwe78_os_command_injection\s02\CWE78_OS_Command_Injection__char_console_w32_spawnv_31.c
C:\Users\Administrator\.jenkins\workspace\PRQA_KPU_1\korea\cwe78_os_command_injection\s02\CWE78_OS_Command_Injection__char_environment_execlp_01.c
C:\Users\Administrator\.jenkins\workspace\PRQA_KPU_1\korea\cwe78_os_command_injection\s02\CWE78_OS_Command_Injection__char_environment_execlp_13.c
C:\Users\Administrator\.jenkins\workspace\PRQA_KPU_1\korea\cwe78_os_command_injection\s02\CWE78_OS_Command_Injection__char_environment_execlp_32.c
C:\Users\Administrator\.jenkins\workspace\PRQA_KPU_1\korea\cwe78_os_command_injection\s02\CWE78_OS_Command_Injection__char_environment_execl_01.c
C:\Users\Administrator\.jenkins\workspace\PRQA_KPU_1\korea\cwe78_os_command_injection\s02\CWE78_OS_Command_Injection__char_environment_execl_13.c
C:\Users\Administrator\.jenkins\workspace\PRQA_KPU_1\korea\cwe78_os_command_injection\s02\CWE78_OS_Command_Injection__char_environment_execl_31.c
C:\Users\Administrator\.jenkins\workspace\PRQA_KPU_1\korea\cwe78_os_command_injection\s02\CWE78_OS_Command_Injection__char_environment_popen_13.c
C:\Users\Administrator\.jenkins\workspace\PRQA_KPU_1\korea\cwe78_os_command_injection\s02\CWE78_OS_Command_Injection__char_environment_popen_31.c
C:\Users\Administrator\.jenkins\workspace\PRQA_KPU_1\korea\cwe78_os_command_injection\s02\CWE78_OS_Command_Injection__char_environment_system_13.c
C:\Users\Administrator\.jenkins\workspace\PRQA_KPU_1\korea\cwe78_os_command_injection\s02\CWE78_OS_Command_Injection__char_environment_system_31.c
C:\Users\Administrator\.jenkins\workspace\PRQA_KPU_1\korea\cwe78_os_command_injection\s03\CWE78_OS_Command_Injection__char_environment_w32spawnl_01.c
C:\Users\Administrator\.jenkins\workspace\PRQA_KPU_1\korea\cwe78_os_command_injection\s03\CWE78_OS_Command_Injection__char_environment_w32spawnl_32.c
C:\Users\Administrator\.jenkins\workspace\PRQA_KPU_1\korea\cwe78_os_command_injection\s03\CWE78_OS_Command_Injection__char_environment_w32_execvp_13.c
C:\Users\Administrator\.jenkins\workspace\PRQA_KPU_1\korea\cwe78_os_command_injection\s03\CWE78_OS_Command_Injection__char_environment_w32_execvp_31.c
C:\Users\Administrator\.jenkins\workspace\PRQA_KPU_1\korea\cwe78_os_command_injection\s03\CWE78_OS_Command_Injection__char_environment_w32_execv_13.c
C:\Users\Administrator\.jenkins\workspace\PRQA_KPU_1\korea\cwe78_os_command_injection\s03\CWE78_OS_Command_Injection__char_environment_w32_execv_31.c
C:\Users\Administrator\.jenkins\workspace\PRQA_KPU_1\korea\cwe78_os_command_injection\s03\CWE78_OS_Command_Injection__char_environment_w32_spawnlp_01.c
C:\Users\Administrator\.jenkins\workspace\PRQA_KPU_1\korea\cwe78_os_command_injection\s03\CWE78_OS_Command_Injection__char_environment_w32_spawnlp_31.c
C:\Users\Administrator\.jenkins\workspace\PRQA_KPU_1\korea\cwe78_os_command_injection\s03\CWE78_OS_Command_Injection__char_environment_w32_spawnvp_13.c
C:\Users\Administrator\.jenkins\workspace\PRQA_KPU_1\korea\cwe78_os_command_injection\s03\CWE78_OS_Command_Injection__char_environment_w32_spawnvp_32.c
C:\Users\Administrator\.jenkins\workspace\PRQA_KPU_1\korea\cwe78_os_command_injection\s03\CWE78_OS_Command_Injection__char_environment_w32_spawnv_01.c
C:\Users\Administrator\.jenkins\workspace\PRQA_KPU_1\korea\cwe78_os_command_injection\s03\CWE78_OS_Command_Injection__char_environment_w32_spawnv_32.c
C:\Users\Administrator\.jenkins\workspace\PRQA_KPU_1\korea\cwe78_os_command_injection\s03\CWE78_OS_Command_Injection__char_file_execlp_01.c
C:\Users\Administrator\.jenkins\workspace\PRQA_KPU_1\korea\cwe78_os_command_injection\s03\CWE78_OS_Command_Injection__char_file_execlp_15.c
C:\Users\Administrator\.jenkins\workspace\PRQA_KPU_1\korea\cwe78_os_command_injection\s03\CWE78_OS_Command_Injection__char_file_execlp_34.c
C:\Users\Administrator\.jenkins\workspace\PRQA_KPU_1\korea\cwe78_os_command_injection\s03\CWE78_OS_Command_Injection__char_file_execl_01.c
C:\Users\Administrator\.jenkins\workspace\PRQA_KPU_1\korea\cwe78_os_command_injection\s03\CWE78_OS_Command_Injection__char_file_execl_14.c
C:\Users\Administrator\.jenkins\workspace\PRQA_KPU_1\korea\cwe78_os_command_injection\s03\CWE78_OS_Command_Injection__char_file_execl_32.c
C:\Users\Administrator\.jenkins\workspace\PRQA_KPU_1\korea\cwe78_os_command_injection\s03\CWE78_OS_Command_Injection__char_file_popen_04.c
C:\Users\Administrator\.jenkins\workspace\PRQA_KPU_1\korea\cwe78_os_command_injection\s03\CWE78_OS_Command_Injection__char_file_popen_16.c
C:\Users\Administrator\.jenkins\workspace\PRQA_KPU_1\korea\cwe78_os_command_injection\s03\CWE78_OS_Command_Injection__char_file_popen_34.c
C:\Users\Administrator\.jenkins\workspace\PRQA_KPU_1\korea\cwe78_os_command_injection\s03\CWE78_OS_Command_Injection__char_file_system_03.c
C:\Users\Administrator\.jenkins\workspace\PRQA_KPU_1\korea\cwe78_os_command_injection\s03\CWE78_OS_Command_Injection__char_file_system_13.c
C:\Users\Administrator\.jenkins\workspace\PRQA_KPU_1\korea\cwe78_os_command_injection\s03\CWE78_OS_Command_Injection__char_file_system_31.c
C:\Users\Administrator\.jenkins\workspace\PRQA_KPU_1\korea\cwe78_os_command_injection\s03\CWE78_OS_Command_Injection__char_file_w32spawnl_07.c
C:\Users\Administrator\.jenkins\workspace\PRQA_KPU_1\korea\cwe78_os_command_injection\s03\CWE78_OS_Command_Injection__char_file_w32spawnl_14.c
C:\Users\Administrator\.jenkins\workspace\PRQA_KPU_1\korea\cwe78_os_command_injection\s03\CWE78_OS_Command_Injection__char_file_w32spawnl_34.c
C:\Users\Administrator\.jenkins\workspace\PRQA_KPU_1\korea\cwe78_os_command_injection\s03\CWE78_OS_Command_Injection__char_file_w32_execvp_05.c
C:\Users\Administrator\.jenkins\workspace\PRQA_KPU_1\korea\cwe78_os_command_injection\s03\CWE78_OS_Command_Injection__char_file_w32_execvp_15.c
C:\Users\Administrator\.jenkins\workspace\PRQA_KPU_1\korea\cwe78_os_command_injection\s03\CWE78_OS_Command_Injection__char_file_w32_execvp_32.c
C:\Users\Administrator\.jenkins\workspace\PRQA_KPU_1\kpu\CWE415_Double_Free\CWE415_Double_Free__malloc_free_char_01.c
C:\Users\Administrator\.jenkins\workspace\PRQA_KPU_1\kpu\CWE415_Double_Free\CWE415_Double_Free__malloc_free_char_03.c
C:\Users\Administrator\.jenkins\workspace\PRQA_KPU_1\kpu\CWE415_Double_Free\CWE415_Double_Free__malloc_free_char_05.c
C:\Users\Administrator\.jenkins\workspace\PRQA_KPU_1\kpu\CWE415_Double_Free\CWE415_Double_Free__malloc_free_char_06.c
C:\Users\Administrator\.jenkins\workspace\PRQA_KPU_1\kpu\CWE415_Double_Free\CWE415_Double_Free__malloc_free_char_10.c
C:\Users\Administrator\.jenkins\workspace\PRQA_KPU_1\kpu\CWE415_Double_Free\CWE415_Double_Free__malloc_free_char_13.c
C:\Users\Administrator\.jenkins\workspace\PRQA_KPU_1\kpu\CWE415_Double_Free\CWE415_Double_Free__malloc_free_char_17.c
C:\Users\Administrator\.jenkins\workspace\PRQA_KPU_1\kpu\CWE415_Double_Free\CWE415_Double_Free__malloc_free_char_21.c
C:\Users\Administrator\.jenkins\workspace\PRQA_KPU_1\kpu\CWE415_Double_Free\CWE415_Double_Free__malloc_free_char_41.c
C:\Users\Administrator\.jenkins\workspace\PRQA_KPU_1\kpu\CWE415_Double_Free\CWE415_Double_Free__malloc_free_char_45.c
C:\Users\Administrator\.jenkins\workspace\PRQA_KPU_1\kpu\CWE415_Double_Free\CWE415_Double_Free__malloc_free_int64_t_03.c
C:\Users\Administrator\.jenkins\workspace\PRQA_KPU_1\kpu\CWE415_Double_Free\CWE415_Double_Free__malloc_free_int64_t_07.c
C:\Users\Administrator\.jenkins\workspace\PRQA_KPU_1\kpu\CWE415_Double_Free\CWE415_Double_Free__malloc_free_int64_t_09.c
C:\Users\Administrator\.jenkins\workspace\PRQA_KPU_1\kpu\CWE415_Double_Free\CWE415_Double_Free__malloc_free_int64_t_13.c
C:\Users\Administrator\.jenkins\workspace\PRQA_KPU_1\kpu\CWE415_Double_Free\CWE415_Double_Free__malloc_free_int64_t_16.c
C:\Users\Administrator\.jenkins\workspace\PRQA_KPU_1\kpu\CWE415_Double_Free\CWE415_Double_Free__malloc_free_int64_t_21.c
C:\Users\Administrator\.jenkins\workspace\PRQA_KPU_1\kpu\CWE415_Double_Free\CWE415_Double_Free__malloc_free_int64_t_32.c
C:\Users\Administrator\.jenkins\workspace\PRQA_KPU_1\kpu\CWE415_Double_Free\CWE415_Double_Free__malloc_free_int64_t_34.c
C:\Users\Administrator\.jenkins\workspace\PRQA_KPU_1\kpu\CWE415_Double_Free\CWE415_Double_Free__malloc_free_int64_t_42.c
C:\Users\Administrator\.jenkins\workspace\PRQA_KPU_1\kpu\CWE415_Double_Free\CWE415_Double_Free__malloc_free_int64_t_45.c
C:\Users\Administrator\.jenkins\workspace\PRQA_KPU_1\kpu\CWE415_Double_Free\CWE415_Double_Free__malloc_free_int_02.c
C:\Users\Administrator\.jenkins\workspace\PRQA_KPU_1\kpu\CWE415_Double_Free\CWE415_Double_Free__malloc_free_int_04.c
C:\Users\Administrator\.jenkins\workspace\PRQA_KPU_1\kpu\CWE415_Double_Free\CWE415_Double_Free__malloc_free_int_06.c
C:\Users\Administrator\.jenkins\workspace\PRQA_KPU_1\kpu\CWE415_Double_Free\CWE415_Double_Free__malloc_free_int_10.c
C:\Users\Administrator\.jenkins\workspace\PRQA_KPU_1\kpu\CWE415_Double_Free\CWE415_Double_Free__malloc_free_int_11.c
C:\Users\Administrator\.jenkins\workspace\PRQA_KPU_1\kpu\CWE415_Double_Free\CWE415_Double_Free__malloc_free_int_15.c
C:\Users\Administrator\.jenkins\workspace\PRQA_KPU_1\kpu\CWE415_Double_Free\CWE415_Double_Free__malloc_free_int_21.c
C:\Users\Administrator\.jenkins\workspace\PRQA_KPU_1\kpu\CWE415_Double_Free\CWE415_Double_Free__malloc_free_int_32.c
C:\Users\Administrator\.jenkins\workspace\PRQA_KPU_1\kpu\CWE415_Double_Free\CWE415_Double_Free__malloc_free_int_34.c
C:\Users\Administrator\.jenkins\workspace\PRQA_KPU_1\kpu\CWE415_Double_Free\CWE415_Double_Free__malloc_free_int_42.c
C:\Users\Administrator\.jenkins\workspace\PRQA_KPU_1\kpu\CWE415_Double_Free\CWE415_Double_Free__malloc_free_long_04.c
C:\Users\Administrator\.jenkins\workspace\PRQA_KPU_1\kpu\CWE415_Double_Free\CWE415_Double_Free__malloc_free_long_05.c
C:\Users\Administrator\.jenkins\workspace\PRQA_KPU_1\kpu\CWE415_Double_Free\CWE415_Double_Free__malloc_free_long_07.c
C:\Users\Administrator\.jenkins\workspace\PRQA_KPU_1\kpu\CWE415_Double_Free\CWE415_Double_Free__malloc_free_long_08.c
C:\Users\Administrator\.jenkins\workspace\PRQA_KPU_1\kpu\CWE415_Double_Free\CWE415_Double_Free__malloc_free_long_10.c
C:\Users\Administrator\.jenkins\workspace\PRQA_KPU_1\kpu\CWE415_Double_Free\CWE415_Double_Free__malloc_free_long_11.c
C:\Users\Administrator\.jenkins\workspace\PRQA_KPU_1\kpu\CWE415_Double_Free\CWE415_Double_Free__malloc_free_long_15.c
C:\Users\Administrator\.jenkins\workspace\PRQA_KPU_1\kpu\CWE415_Double_Free\CWE415_Double_Free__malloc_free_long_31.c
C:\Users\Administrator\.jenkins\workspace\PRQA_KPU_1\kpu\CWE415_Double_Free\CWE415_Double_Free__malloc_free_long_34.c
C:\Users\Administrator\.jenkins\workspace\PRQA_KPU_1\kpu\CWE415_Double_Free\CWE415_Double_Free__malloc_free_long_41.c
C:\Users\Administrator\.jenkins\workspace\PRQA_KPU_1\kpu\CWE415_Double_Free\CWE415_Double_Free__malloc_free_struct_05.c
C:\Users\Administrator\.jenkins\workspace\PRQA_KPU_1\kpu\CWE415_Double_Free\CWE415_Double_Free__malloc_free_struct_06.c
C:\Users\Administrator\.jenkins\workspace\PRQA_KPU_1\kpu\CWE415_Double_Free\CWE415_Double_Free__malloc_free_struct_09.c
C:\Users\Administrator\.jenkins\workspace\PRQA_KPU_1\kpu\CWE415_Double_Free\CWE415_Double_Free__malloc_free_struct_10.c
C:\Users\Administrator\.jenkins\workspace\PRQA_KPU_1\kpu\CWE415_Double_Free\CWE415_Double_Free__malloc_free_struct_13.c
C:\Users\Administrator\.jenkins\workspace\PRQA_KPU_1\kpu\CWE415_Double_Free\CWE415_Double_Free__malloc_free_struct_15.c
C:\Users\Administrator\.jenkins\workspace\PRQA_KPU_1\kpu\CWE415_Double_Free\CWE415_Double_Free__malloc_free_struct_18.c
C:\Users\Administrator\.jenkins\workspace\PRQA_KPU_1\kpu\CWE415_Double_Free\CWE415_Double_Free__malloc_free_struct_21.c
C:\Users\Administrator\.jenkins\workspace\PRQA_KPU_1\kpu\CWE415_Double_Free\CWE415_Double_Free__malloc_free_struct_32.c
C:\Users\Administrator\.jenkins\workspace\PRQA_KPU_1\kpu\CWE415_Double_Free\CWE415_Double_Free__malloc_free_struct_42.c
C:\Users\Administrator\.jenkins\workspace\PRQA_KPU_1\kpu\CWE415_Double_Free\CWE415_Double_Free__malloc_free_wchar_t_06.c
C:\Users\Administrator\.jenkins\workspace\PRQA_KPU_1\kpu\CWE415_Double_Free\CWE415_Double_Free__malloc_free_wchar_t_08.c
C:\Users\Administrator\.jenkins\workspace\PRQA_KPU_1\kpu\CWE415_Double_Free\CWE415_Double_Free__malloc_free_wchar_t_11.c
C:\Users\Administrator\.jenkins\workspace\PRQA_KPU_1\kpu\CWE415_Double_Free\CWE415_Double_Free__malloc_free_wchar_t_14.c
C:\Users\Administrator\.jenkins\workspace\PRQA_KPU_1\kpu\CWE415_Double_Free\CWE415_Double_Free__malloc_free_wchar_t_17.c
C:\Users\Administrator\.jenkins\workspace\PRQA_KPU_1\kpu\CWE415_Double_Free\CWE415_Double_Free__malloc_free_wchar_t_18.c
C:\Users\Administrator\.jenkins\workspace\PRQA_KPU_1\kpu\CWE415_Double_Free\CWE415_Double_Free__malloc_free_wchar_t_21.c
C:\Users\Administrator\.jenkins\workspace\PRQA_KPU_1\kpu\CWE415_Double_Free\CWE415_Double_Free__malloc_free_wchar_t_31.c
C:\Users\Administrator\.jenkins\workspace\PRQA_KPU_1\kpu\CWE415_Double_Free\CWE415_Double_Free__malloc_free_wchar_t_34.c
C:\Users\Administrator\.jenkins\workspace\PRQA_KPU_1\kpu\CWE415_Double_Free\CWE415_Double_Free__malloc_free_wchar_t_42.c
C:\Users\Administrator\.jenkins\workspace\PRQA_KPU_1\kpu\CWE416_Use_After_Free\CWE416_Use_After_Free__malloc_free_char_01.c
C:\Users\Administrator\.jenkins\workspace\PRQA_KPU_1\kpu\CWE416_Use_After_Free\CWE416_Use_After_Free__malloc_free_char_05.c
C:\Users\Administrator\.jenkins\workspace\PRQA_KPU_1\kpu\CWE416_Use_After_Free\CWE416_Use_After_Free__malloc_free_char_08.c
C:\Users\Administrator\.jenkins\workspace\PRQA_KPU_1\kpu\CWE416_Use_After_Free\CWE416_Use_After_Free__malloc_free_char_14.c
C:\Users\Administrator\.jenkins\workspace\PRQA_KPU_1\kpu\CWE416_Use_After_Free\CWE416_Use_After_Free__malloc_free_char_15.c
C:\Users\Administrator\.jenkins\workspace\PRQA_KPU_1\kpu\CWE416_Use_After_Free\CWE416_Use_After_Free__malloc_free_int64_t_02.c
C:\Users\Administrator\.jenkins\workspace\PRQA_KPU_1\kpu\CWE416_Use_After_Free\CWE416_Use_After_Free__malloc_free_int64_t_06.c
C:\Users\Administrator\.jenkins\workspace\PRQA_KPU_1\kpu\CWE416_Use_After_Free\CWE416_Use_After_Free__malloc_free_int64_t_10.c
C:\Users\Administrator\.jenkins\workspace\PRQA_KPU_1\kpu\CWE416_Use_After_Free\CWE416_Use_After_Free__malloc_free_int64_t_15.c
C:\Users\Administrator\.jenkins\workspace\PRQA_KPU_1\kpu\CWE416_Use_After_Free\CWE416_Use_After_Free__malloc_free_int_03.c
C:\Users\Administrator\.jenkins\workspace\PRQA_KPU_1\kpu\CWE416_Use_After_Free\CWE416_Use_After_Free__malloc_free_int_07.c
C:\Users\Administrator\.jenkins\workspace\PRQA_KPU_1\kpu\CWE416_Use_After_Free\CWE416_Use_After_Free__malloc_free_int_12.c
C:\Users\Administrator\.jenkins\workspace\PRQA_KPU_1\kpu\CWE416_Use_After_Free\CWE416_Use_After_Free__malloc_free_int_17.c
C:\Users\Administrator\.jenkins\workspace\PRQA_KPU_1\kpu\CWE416_Use_After_Free\CWE416_Use_After_Free__malloc_free_long_03.c
C:\Users\Administrator\.jenkins\workspace\PRQA_KPU_1\kpu\CWE416_Use_After_Free\CWE416_Use_After_Free__malloc_free_long_04.c
C:\Users\Administrator\.jenkins\workspace\PRQA_KPU_1\kpu\CWE416_Use_After_Free\CWE416_Use_After_Free__malloc_free_long_09.c
C:\Users\Administrator\.jenkins\workspace\PRQA_KPU_1\kpu\CWE416_Use_After_Free\CWE416_Use_After_Free__malloc_free_long_16.c
C:\Users\Administrator\.jenkins\workspace\PRQA_KPU_1\kpu\CWE416_Use_After_Free\CWE416_Use_After_Free__malloc_free_struct_05.c
C:\Users\Administrator\.jenkins\workspace\PRQA_KPU_1\kpu\CWE416_Use_After_Free\CWE416_Use_After_Free__malloc_free_struct_10.c
C:\Users\Administrator\.jenkins\workspace\PRQA_KPU_1\kpu\CWE416_Use_After_Free\CWE416_Use_After_Free__malloc_free_struct_13.c
C:\Users\Administrator\.jenkins\workspace\PRQA_KPU_1\kpu\CWE416_Use_After_Free\CWE416_Use_After_Free__malloc_free_struct_18.c
C:\Users\Administrator\.jenkins\workspace\PRQA_KPU_1\kpu\CWE416_Use_After_Free\CWE416_Use_After_Free__malloc_free_wchar_t_02.c
C:\Users\Administrator\.jenkins\workspace\PRQA_KPU_1\kpu\CWE416_Use_After_Free\CWE416_Use_After_Free__malloc_free_wchar_t_06.c
C:\Users\Administrator\.jenkins\workspace\PRQA_KPU_1\kpu\CWE416_Use_After_Free\CWE416_Use_After_Free__malloc_free_wchar_t_11.c
C:\Users\Administrator\.jenkins\workspace\PRQA_KPU_1\kpu\CWE416_Use_After_Free\CWE416_Use_After_Free__malloc_free_wchar_t_14.c
C:\Users\Administrator\.jenkins\workspace\PRQA_KPU_1\kpu\CWE416_Use_After_Free\CWE416_Use_After_Free__malloc_free_wchar_t_16.c
C:\Users\Administrator\.jenkins\workspace\PRQA_KPU_1\kpu\CWE416_Use_After_Free\CWE416_Use_After_Free__return_freed_ptr_04.c
C:\Users\Administrator\.jenkins\workspace\PRQA_KPU_1\kpu\CWE416_Use_After_Free\CWE416_Use_After_Free__return_freed_ptr_07.c
C:\Users\Administrator\.jenkins\workspace\PRQA_KPU_1\kpu\CWE416_Use_After_Free\CWE416_Use_After_Free__return_freed_ptr_10.c
C:\Users\Administrator\.jenkins\workspace\PRQA_KPU_1\kpu\CWE416_Use_After_Free\CWE416_Use_After_Free__return_freed_ptr_17.c